01-29 23:38:56.557  2385  2867 D SurfaceComposerClient: setCornerRadius ## 7798d2a com.example.llmserverapp/com.example.llmserverapp.SplashActivity#146226 cornerRadius=0.000000
01-29 23:38:56.558  1861  1861 D SurfaceFlinger:        CLIENT |          127629248167938 | 00002102 | RGBA_8888    |    0.0    0.0 1080.0 2272.0 |   51  139 1075 2294 | com.example.llmserverapp/com.example[...]rverapp.SplashActivity$_29716#146227 (2)
01-29 23:38:56.558  1861  1861 D SurfaceFlinger:        CLIENT |           17330193142303 | 00002100 | RGBA_8888    |    0.0    6.0 1080.0 2332.0 |   51   88 1075 2294 | Splash Screen com.example.llmserverapp$_4035#146218 (2)
01-29 23:38:56.559  2385  7407 D InputDispatcher: Focus entered window (0): 7798d2a com.example.llmserverapp/com.example.llmserverapp.SplashActivity
01-29 23:38:56.560  2385  3692 I ImeTracker: com.example.llmserverapp:75f42ad0: onRequestHide at ORIGIN_SERVER reason HIDE_UNSPECIFIED_WINDOW fromUser false
01-29 23:38:56.561 29716 29716 I ImeTracker: com.example.llmserverapp:75f42ad0: onCancelled at PHASE_CLIENT_ALREADY_HIDDEN
01-29 23:38:56.562  2385  4375 D InsetsSourceProvider: updateControlForTarget: control=InsetsSourceControl: {3 mType=ime mSurfacePosition=Point(0, 91) mInsetsHint=Insets{left=0, top=0, right=0, bottom=1026}}, target=Window{7798d2a u0 com.example.llmserverapp/com.example.llmserverapp.SplashActivity}, from=com.android.server.wm.ImeInsetsSourceProvider.updateControlForTarget:17 com.android.server.wm.InsetsStateController.onControlTargetChanged:83 com.android.server.wm.DisplayContent.updateImeControlTarget:21 com.android.server.wm.DisplayContent.updateImeInputAndControlTarget:156 com.android.server.wm.WindowManagerService$LocalService.updateInputMethodTargetWindow:64 
01-29 23:38:56.562  2385  2867 D SurfaceComposerClient: setCornerRadius ## 921b1d9 Splash Screen com.example.llmserverapp#146217 cornerRadius=0.000000
01-29 23:38:56.562  2385  2867 D SurfaceComposerClient: setCornerRadius ## 7798d2a com.example.llmserverapp/com.example.llmserverapp.SplashActivity#146226 cornerRadius=0.000000
01-29 23:38:56.563 28237 28237 I HBD     : b [AiWriter] setContact : com.example.llmserverapp
01-29 23:38:56.563 28237 28237 I HBD     : a [AiWriter] setContact : com.example.llmserverapp
01-29 23:38:56.568 28630 29813 I SAMSUNGWALLET: [Hint_SimpleHintProcessMonitor] isHomePackageRunning topPkgName = com.example.llmserverapp, topClsName = com.example.llmserverapp.SplashActivity, return false , se : false
01-29 23:38:56.568  2385  3805 D MdnieScenarioControlService:  packageName : com.example.llmserverapp    className : com.example.llmserverapp.SplashActivity
01-29 23:38:56.569 28630 29813 I SAMSUNGWALLET: [Hint_SimpleHintProcessMonitor] isHomePackageRunning topPkgName = com.example.llmserverapp, topClsName = com.example.llmserverapp.SplashActivity, return false , se : false
01-29 23:38:56.572  1861  1861 I SurfaceFlinger: [LayerHierarchy{RequestedLayerState{ImeContainer#15 parentId=146216 relativeParentId=146216 z=3} 1 children}] reparent to LayerHierarchy{RequestedLayerState{ActivityRecord{161159708 u0 com.example.llmserverapp/.SplashActivity t2235}#146216 parentId=146215} 4 children}
01-29 23:38:56.572 28237 28381 I HBD     : j [SKE_SPECIFIC] specific model[com.example.llmserverapp] loaded, 2195625 ns
01-29 23:38:56.599  2385  7381 I WindowManager: Relayout Window{921b1d9 u0 Splash Screen com.example.llmserverapp}: viewVisibility=8 req=1080x2340 ty=3 d0
01-29 23:38:56.599  2385  7381 D SurfaceComposerClient: setCornerRadius ## 7798d2a com.example.llmserverapp/com.example.llmserverapp.SplashActivity#146226 cornerRadius=0.000000
01-29 23:38:56.599  2385  7381 D SurfaceComposerClient: setCornerRadius ## 921b1d9 Splash Screen com.example.llmserverapp#146217 cornerRadius=0.000000
01-29 23:38:56.599  2385  7381 D SurfaceComposerClient: setCornerRadius ## 7798d2a com.example.llmserverapp/com.example.llmserverapp.SplashActivity#146226 cornerRadius=0.000000
01-29 23:38:56.600  2385  3956 D NetdEventListenerService: DNS Requested by 289, 10528(com.example.llmserverapp), SUCCESS, 41ms
01-29 23:38:56.601  2385  4375 D CoreBackPreview: Window{921b1d9 u0 Splash Screen com.example.llmserverapp}: Setting back callback null
01-29 23:38:56.601  2385  7381 D WindowManager: Starting window removed Window{921b1d9 u0 Splash Screen com.example.llmserverapp}
01-29 23:38:56.601  2385  7381 I WindowManager: Cancelling animation restarting=false, leash=Surface(name=Surface(name=7798d2a com.example.llmserverapp/com.example.llmserverapp.SplashActivity)/@0x71747e8 - animation-leash of starting_reveal)/@0xe7a24a6
01-29 23:38:56.601  2385  7381 I WindowManager: Reparenting to original parent: Surface(name=ActivityRecord{161159708 u0 com.example.llmserverapp/.SplashActivity t2235})/@0x2427e01, destroy=false, surface=Surface(name=7798d2a com.example.llmserverapp/com.example.llmserverapp.SplashActivity)/@0x71747e8
01-29 23:38:56.601  2385  7381 V WindowManager: Remove Window{921b1d9 u0 Splash Screen com.example.llmserverapp}: mSurfaceControl=Surface(name=Splash Screen com.example.llmserverapp$_4035)/@0x640d45c mAnimatingExit=false mRemoveOnExit=false mHasSurface=true surfaceShowing=true animating=false app-animation=false callers=com.android.server.wm.Session.remove:16 android.view.IWindowSession$Stub.onTransact:804 com.android.server.wm.Session.onTransact:1 android.os.Binder.execTransactInternal:1462 android.os.Binder.execTransact:1401 <bottom of call stack> 
01-29 23:38:56.601  2385  7381 D SurfaceComposerClient: setCornerRadius ## 7798d2a com.example.llmserverapp/com.example.llmserverapp.SplashActivity#146226 cornerRadius=0.000000
01-29 23:38:56.601  2385  7381 D SurfaceComposerClient: setCornerRadius ## 7798d2a com.example.llmserverapp/com.example.llmserverapp.SplashActivity#146226 cornerRadius=0.000000
01-29 23:38:56.601  2385  2867 D SurfaceComposerClient: setCornerRadius ## 7798d2a com.example.llmserverapp/com.example.llmserverapp.SplashActivity#146226 cornerRadius=0.000000
01-29 23:38:56.606  2385  2867 D SurfaceComposerClient: setCornerRadius ## 7798d2a com.example.llmserverapp/com.example.llmserverapp.SplashActivity#146226 cornerRadius=0.000000
01-29 23:38:56.614  1861  1861 I SurfaceFlinger: RequestedLayer [Splash Screen com.example.llmserverapp$_4035#146218] hidden!! flag  from(0) --> to(1)
01-29 23:38:56.614  1861  1861 I SurfaceFlinger: [LayerHierarchy{RequestedLayerState{Surface(name=7798d2a com.example.llmserverapp/com.example.llmserverapp.SplashActivity)/@0x71747e8 - animation-leash of starting_reveal#146230} 1 children}] reparent to OffscreenRoot
01-29 23:38:56.614  1861  1861 I SurfaceFlinger: [LayerHierarchy{RequestedLayerState{Surface(name=7798d2a com.example.llmserverapp/com.example.llmserverapp.SplashActivity)/@0x71747e8 - animation-leash of starting_reveal#146230} 1 children}] RelativeParent to null
01-29 23:38:56.614  1861  1861 I SurfaceFlinger: [LayerHierarchy{RequestedLayerState{7798d2a com.example.llmserverapp/com.example.llmserverapp.SplashActivity#146226 parentId=146216} 1 children}] reparent to LayerHierarchy{RequestedLayerState{ActivityRecord{161159708 u0 com.example.llmserverapp/.SplashActivity t2235}#146216 parentId=146215} 4 children}
01-29 23:38:56.616  1861  1861 D SurfaceFlinger:        CLIENT |          127629248167939 | 00002102 | RGBA_8888    |    0.0    3.0 1080.0 2336.0 |   28   47 1077 2315 | com.example.llmserverapp/com.example[...]rverapp.SplashActivity$_29716#146227 (9)
01-29 23:38:56.661  2385  7381 D SGM:GameManager: identifyGamePackage. com.example.llmserverapp, mCurrentUserId: 0, callingMethodInfo: com.samsung.android.game.IGameManagerService$Stub.onTransact(IGameManagerService.java:247)
01-29 23:38:56.953  2385  3956 D NetdEventListenerService: DNS Requested by 289, 10528(com.example.llmserverapp), SUCCESS, 44ms
01-29 23:38:56.982  2385  7407 V WindowManager:    ChangeInfo{40690b4 container=Task{6a6d625 #2235 type=standard A=10528:com.example.llmserverapp} flags=0x10}
01-29 23:38:56.982  2385  7407 V WindowManager:    ChangeInfo{61aa4dd container=ActivityRecord{161159708 u0 com.example.llmserverapp/.SplashActivity t2235} flags=0x0}
01-29 23:38:56.983  2385  7407 D PersonaActivityHelper: token.toString()  Token{8862dab ActivityRecord{161159708 u0 com.example.llmserverapp/.SplashActivity t2235}}
01-29 23:38:56.984  2385  7407 D SurfaceComposerClient: setCornerRadius ## 7798d2a com.example.llmserverapp/com.example.llmserverapp.SplashActivity#146226 cornerRadius=0.000000
01-29 23:38:56.984  2385  7407 D WindowManager: updateSystemBarAttributes: displayId=0, focusedCanBeNavColorWin=false, win=Window{7798d2a u0 com.example.llmserverapp/com.example.llmserverapp.SplashActivity}, navColorWin=Window{7798d2a u0 com.example.llmserverapp/com.example.llmserverapp.SplashActivity}, caller=com.android.server.wm.DisplayPolicy.finishPostLayoutPolicyLw:17 com.android.server.wm.RootWindowContainer.applySurfaceChangesTransaction$1:195 com.android.server.wm.RootWindowContainer.performSurfacePlacementNoTrace:59 
01-29 23:38:56.984  2385  7407 D SurfaceComposerClient: setCornerRadius ## 7798d2a com.example.llmserverapp/com.example.llmserverapp.SplashActivity#146226 cornerRadius=0.000000
01-29 23:38:56.985  2385  7407 D ChangeTransitionController:    ChangeInfo{40690b4 container=Task{6a6d625 #2235 type=standard A=10528:com.example.llmserverapp} flags=0x10}
01-29 23:38:56.985  2385  7407 D ChangeTransitionController:    ChangeInfo{61aa4dd container=ActivityRecord{161159708 u0 com.example.llmserverapp/.SplashActivity t2235} flags=0x0}
01-29 23:38:56.991  2385  7407 D SurfaceComposerClient: setCornerRadius ## 7798d2a com.example.llmserverapp/com.example.llmserverapp.SplashActivity#146226 cornerRadius=0.000000
01-29 23:38:56.991  1861  1861 D SurfaceFlinger:        DEVICE |          127629248167938 | 00002102 | RGBA_8888    |    0.0    0.0 1080.0 2340.0 |    0    0 1080 2340 | com.example.llmserverapp/com.example[...]rverapp.SplashActivity$_29716#146227 (54)
01-29 23:38:56.992  2385  7407 D SurfaceComposerClient: setCornerRadius ## 7798d2a com.example.llmserverapp/com.example.llmserverapp.SplashActivity#146226 cornerRadius=0.000000
01-29 23:38:56.993  2385  7381 D SurfaceComposerClient: setCornerRadius ## 7798d2a com.example.llmserverapp/com.example.llmserverapp.SplashActivity#146226 cornerRadius=0.000000
01-29 23:38:56.993  2385  7381 D SurfaceComposerClient: setCornerRadius ## 7798d2a com.example.llmserverapp/com.example.llmserverapp.SplashActivity#146226 cornerRadius=0.000000
01-29 23:38:56.997  1861  1861 I SurfaceFlinger: [LayerHierarchy{RequestedLayerState{ImeContainer#15 parentId=146216 relativeParentId=146226 z=1} 1 children}] RelativeParent to LayerHierarchy{RequestedLayerState{7798d2a com.example.llmserverapp/com.example.llmserverapp.SplashActivity#146226 parentId=146216} 2 children}
01-29 23:38:56.997  1861  1861 I SurfaceFlinger: [LayerHierarchy{RequestedLayerState{921b1d9 Splash Screen com.example.llmserverapp#146217 z=2147483647} 1 children}] reparent to OffscreenRoot
01-29 23:38:56.997  1861  1861 I SurfaceFlinger: [LayerHierarchy{RequestedLayerState{921b1d9 Splash Screen com.example.llmserverapp#146217 z=2147483647} 1 children}] RelativeParent to null
01-29 23:38:56.997  1861  1861 I SurfaceFlinger: [LayerHierarchy{RequestedLayerState{Splash Screen com.example.llmserverapp$_4035#146218} no children}] reparent to OffscreenRoot
01-29 23:38:56.997  1861  1861 I SurfaceFlinger: [LayerHierarchy{RequestedLayerState{Splash Screen com.example.llmserverapp$_4035#146218} no children}] RelativeParent to null
01-29 23:38:56.997  2385  2866 D SGM:FgCheckThread: getForegroundApp(), foregroundPkgName=com.example.llmserverapp
01-29 23:38:56.997  1861  1861 I SurfaceFlinger: id=146218 Removed Splash Screen com.example.llmserverapp$_4035#146218 (283)
01-29 23:38:56.998  2385  2866 D SGM:FgCheckThread: noteStopComponent(), received pkgName: com.sec.android.app.launcher, focusedPkgName: com.example.llmserverapp, userId: 0
01-29 23:38:56.999  2385  2863 D SGM:GameManager: identifyForegroundApp. com.example.llmserverapp, mCurrentUserId: 0, callerUserId: 0
01-29 23:38:57.000  2385  2863 D SGM:GameManager: identifyForegroundApp. com.example.llmserverapp, mCurrentUserId: 0, callerUserId: 0
01-29 23:38:57.002 28630 29813 I SAMSUNGWALLET: [Hint_SimpleHintProcessMonitor] isHomePackageRunning topPkgName = com.example.llmserverapp, topClsName = com.example.llmserverapp.SplashActivity, return false , se : false
01-29 23:38:57.005  1861  1861 I SurfaceFlinger: destroyed Splash Screen com.example.llmserverapp$_4035#146218 form LifecycleManager
01-29 23:38:57.005  1861  1861 I SurfaceFlinger: id=146218 onLayerDestroyed from LayerHierarchyBuilder(RequestedLayerState{Splash Screen com.example.llmserverapp$_4035#146218 !handle})
01-29 23:38:57.006  1861  1861 I Layer   : id=146218 Destroyed Splash Screen com.example.llmserverapp$_4035#146218
01-29 23:38:57.062  2385  2866 D SGM:GameManager: identifyForegroundApp. com.example.llmserverapp, mCurrentUserId: 0, callerUserId: 0
01-29 23:38:57.098 29716 29839 I NotificationManager: com.example.llmserverapp: notify(1, null, Notification(channel=model_download shortcut=null contentView=null vibrate=null sound=null defaults=0 flags=ONGOING_EVENT|ONLY_ALERT_ONCE color=0x00000000 groupKey=silent vis=PRIVATE semFlags=0x0 semPriority=0 semMissedCount=0)) as user
01-29 23:38:57.098 29716 29839 D NotificationManager: BOOTING pkg =com.example.llmserverapp mBlockedChannelsForOverflowNoti=[]
01-29 23:38:57.100  2385  4386 E NotificationService: Suppressing notification from package com.example.llmserverapp by user request.
01-29 23:38:57.100  2385  4386 D ActivityManager: Stop FGS timeout: ServiceRecord{54b085d u0 com.example.llmserverapp/.ModelDownloadService c:com.example.llmserverapp}
01-29 23:38:57.100  4035  7431 D SecFgsManagerController: onForegroundStateChanged: [dialog:false]:[isForeground:false]:[packageName:com.example.llmserverapp]:[token:android.os.BinderProxy@225f04c]:[userId:0]
01-29 23:38:57.102  2385  4252 V WindowManager: Collecting in transition 10972: ActivityRecord{100099448 u0 com.example.llmserverapp/.MainActivity, caller=com.android.server.wm.TransitionController.collect:7 com.android.server.wm.ActivityStarter.startActivityUnchecked:98 com.android.server.wm.ActivityStarter.executeRequest:3651 com.android.server.wm.ActivityStarter.execute:1752 com.android.server.wm.ActivityTaskManagerService.startActivityAsUser:95 
01-29 23:38:57.102  2385  4252 D ActivityTaskManager: DesktopModeLaunchParamsModifier: task=null activity=ActivityRecord{100099448 u0 com.example.llmserverapp/.MainActivity t-1} task null, skipping
01-29 23:38:57.102  2385  4252 D ActivityTaskManager: TaskLaunchParamsModifier:task=null activity=ActivityRecord{100099448 u0 com.example.llmserverapp/.MainActivity t-1} display-area-from-source=DefaultTaskDisplayArea_d0@249831322 display-id=0 task-display-area-windowing-mode=1 suggested-display-area=DefaultTaskDisplayArea_d0@249831322
01-29 23:38:57.102  2385  4252 D ActivityTaskManager: DesktopModeLaunchParamsModifier: task=Task{6a6d625 #2235 type=standard A=10528:com.example.llmserverapp} activity=ActivityRecord{100099448 u0 com.example.llmserverapp/.MainActivity t-1} non-desktop, skipping
01-29 23:38:57.102  2385  4252 D ActivityTaskManager: TaskLaunchParamsModifier:task=Task{6a6d625 #2235 type=standard A=10528:com.example.llmserverapp} activity=ActivityRecord{100099448 u0 com.example.llmserverapp/.MainActivity t-1} display-area-from-source=DefaultTaskDisplayArea_d0@249831322 display-id=0 task-display-area-windowing-mode=1 suggested-display-area=DefaultTaskDisplayArea_d0@249831322 inherit-from-source=fullscreen non-freeform-task-display-area display-area=DefaultTaskDisplayArea_d0@249831322 default-portrait freeform-size-mismatch=Rect(81, 608 - 999, 1778)
01-29 23:38:57.102  2385  4252 D ActivityTaskManager: DesktopModeLaunchParamsModifier: task=Task{6a6d625 #2235 type=standard A=10528:com.example.llmserverapp} activity=ActivityRecord{100099448 u0 com.example.llmserverapp/.MainActivity t-1} non-desktop, skipping
01-29 23:38:57.102  2385  4252 D ActivityTaskManager: TaskLaunchParamsModifier:task=Task{6a6d625 #2235 type=standard A=10528:com.example.llmserverapp} activity=ActivityRecord{100099448 u0 com.example.llmserverapp/.MainActivity t-1} display-area-from-source=DefaultTaskDisplayArea_d0@249831322 display-id=0 task-display-area-windowing-mode=1 suggested-display-area=DefaultTaskDisplayArea_d0@249831322 inherit-from-source=fullscreen non-freeform-task-display-area display-area=DefaultTaskDisplayArea_d0@249831322 default-portrait freeform-size-mismatch=Rect(81, 608 - 999, 1778)
01-29 23:38:57.102  1861  4516 I SurfaceFlinger: id=146232 createSurf, flag=84004, ActivityRecord{100099448 u0 com.example.llmserverapp/.MainActivity t2235}#146232
01-29 23:38:57.103  2385  4252 D ActivityTaskManager: scheduleTopResumedActivityChanged, onTop=false, r=ActivityRecord{161159708 u0 com.example.llmserverapp/.SplashActivity t2235}, caller=com.android.server.wm.ActivityTaskSupervisor.scheduleTopResumedActivityStateLossIfNeeded:19 com.android.server.wm.ActivityTaskSupervisor.updateTopResumedActivityIfNeeded:20 com.android.server.wm.TaskFragment.setResumedActivity:30 com.android.server.wm.ActivityRecord.setState:91 com.android.server.wm.TaskFragment.startPausing$1:209 com.android.server.wm.TaskFragment.resumeTopActivity:699 
01-29 23:38:57.103  2385  4252 V WindowManager: Collecting in transition 10972: ActivityRecord{100099448 u0 com.example.llmserverapp/.MainActivity t2235}, caller=com.android.server.wm.Transition.collectExistenceChange:40 com.android.server.wm.ActivityStarter.handleStartResult:761 com.android.server.wm.ActivityStarter.startActivityUnchecked:124 com.android.server.wm.ActivityStarter.executeRequest:3651 com.android.server.wm.ActivityStarter.execute:1752 
01-29 23:38:57.103  2385  4252 V WindowManager:    ChangeInfo{90b05b7 container=ActivityRecord{100099448 u0 com.example.llmserverapp/.MainActivity t2235} flags=0x0}
01-29 23:38:57.103  2385  4252 V WindowManager:    ChangeInfo{7f96124 container=Task{6a6d625 #2235 type=standard A=10528:com.example.llmserverapp} flags=0x0}
01-29 23:38:57.103  2385  4252 I ActivityTaskManager: START u0 {xflg=0x4 cmp=com.example.llmserverapp/.MainActivity} with LAUNCH_MULTIPLE from uid 10528 (sr=161159708) (BAL_ALLOW_VISIBLE_WINDOW) result code=0
01-29 23:38:57.103  4035  4237 V WindowManagerShell: Transition requested (#10972): android.os.BinderProxy@71dd029 TransitionRequestInfo { type = OPEN, triggerTask = TaskInfo{userId=0 taskId=2235 effectiveUid=10528 displayId=0 isRunning=true baseIntent=Intent { act=android.intent.action.MAIN cat=[android.intent.category.LAUNCHER] flg=0x10200000 cmp=com.example.llmserverapp/.SplashActivity } baseActivity=ComponentInfo{com.example.llmserverapp/com.example.llmserverapp.SplashActivity} topActivity=ComponentInfo{com.example.llmserverapp/com.example.llmserverapp.MainActivity} origActivity=null realActivity=ComponentInfo{com.example.llmserverapp/com.example.llmserverapp.SplashActivity} numActivities=2 lastActiveTime=912474857 supportsMultiWindow=true resizeMode=1 isResizeable=true minWidth=-1 minHeight=-1 maxWidth=-1 maxHeight=-1 defaultMinSize=220 desktopDefaultMinSize=304 token=WCT{android.window.IWindowContainerToken$Stub$Proxy@5d44fae} topActivityType=1 pictureInPictureParams=null shouldDockBigOverlays=false launchIntoPipHostTaskId=-1 lastParentTaskIdBeforePip=-1 displayCutoutSafeInsets=Rect(0, 0 - 0, 0) topActivityInfo=ActivityInfo{a41214f com.example.llmserverapp.MainActivity} launchCookies=[android.os.BinderProxy@c08c396] positionInParent=Point(0, 0) parentTaskId=-1 isFocused=true isVisible=true isVisibleRequested=true isTopActivityNoDisplay=false isSleeping=false locusId=null displayAreaFeatureId=1 isTopActivityTransparent=false isActivityStackTransparent=false lastNonFullscreenBounds=Rect(81, 608 - 999, 1778) capturedLink=null capturedLinkTimestamp=0 requestedVisibleTypes=-9 topActivityRequestOpenInBrowserEducationTimestamp=0 appCompatTaskInfo=AppCompatTaskInfo { topActivityInSizeCompat=false eligibleForLetterboxEducation= false isLetterboxEducationEnabled= false isLetterboxDoubleTapEnabled= false eligibleForUserAspectRatioButton= false topActivityBoundsLetterboxed= false isFromLetterboxDoubleTap= false topActivityLetterboxVerticalPosition= -1 topActivityLetterboxHorizontalPosition= -1 topActivityLetterboxWidth=-1 topActivityLetterboxHeight=-1 topActivityAppBounds=Rect(0, 91 - 1080, 2295) isUserFullscreenOverrideEnabled=false isSystemFullscreenOverrideEnabled=false hasMinAspectRatioOverride=false topActivityLetterboxBounds=null cameraCompatTaskInfo=CameraCompatTaskInfo { freeformCameraCompatMode=inactive} topActivityBounds=null topActivityInDisplayCompat=false singleTapFromLetterbox=false} topActivityMainWindowFrame=null originallySupportedMultiWindow=true hasWallpaper=false rootAffinity=10528:com.example.llmserverapp isTopTaskInStage=false CoverLauncherWidgetTask=false LaunchedFromAppsCoverLauncherTask=false LaunchedFromMultistarCoverLauncherTask=false isAllowedSeamlessRotation=false isTopTransparentActivity=false isAliasManaged=false hasConfigChanged=false snappingGuideBounds=null isAiKeyRemoveAppTask=false lastDesktopWindowingBounds=null lastExternalDesktopWindowingBounds=null safeCutoutInsets=null}, pipChange = null, remoteTransition = null, displayChange = null, flags = 0, debugId = 10972 }
01-29 23:38:57.103  2385  7407 V WindowManager: Collecting in transition 10972: ActivityRecord{161159708 u0 com.example.llmserverapp/.SplashActivity t2235 f}}, caller=com.android.server.wm.Transition.collectExistenceChange:40 com.android.server.wm.Transition.collectClose:7 com.android.server.wm.ActivityRecord.finishIfPossible:50 com.android.server.wm.ActivityClientController.finishActivity:268 android.app.IActivityClientController$Stub.onTransact:840 
01-29 23:38:57.104  2385  7407 D WindowManager: prepareSync <SYNC_STATE_WAITING_FOR_DRAW>, mPrepareSyncSeqId=0, win=Window{7798d2a u0 com.example.llmserverapp/com.example.llmserverapp.SplashActivity}
01-29 23:38:57.104  2385  7407 V WindowManager: Collecting in transition 10972: ActivityRecord{161159708 u0 com.example.llmserverapp/.SplashActivity t2235 f}}, caller=com.android.server.wm.TransitionController.collect:7 com.android.server.wm.ActivityRecord.setVisibility:132 com.android.server.wm.TaskFragment.resumeTopActivity:1573 com.android.server.wm.Task.resumeTopActivityInnerLocked:119 com.android.server.wm.Task.resumeTopActivityUncheckedLocked:23 
01-29 23:38:57.104  2385  7407 V WindowManager: Collecting in transition 10972: ActivityRecord{100099448 u0 com.example.llmserverapp/.MainActivity t2235}, caller=com.android.server.wm.TransitionController.collect:7 com.android.server.wm.ActivityRecord.setVisibility:132 com.android.server.wm.ActivityRecord.makeVisibleIfNeeded:36 com.android.server.wm.EnsureActivitiesVisibleHelper.process:538 com.android.server.wm.TaskFragment.updateActivityVisibilities:12 
01-29 23:38:57.105  2385  7407 D WindowManager: rotationForOrientation, orientationSource=ActivityRecord{100099448 u0 com.example.llmserverapp/.MainActivity t2235}
01-29 23:38:57.105  2385  7407 V WindowManager: Collecting in transition 10972: ActivityRecord{100099448 u0 com.example.llmserverapp/.MainActivity t2235}, caller=com.android.server.wm.TransitionController.collect:7 com.android.server.wm.ActivityRecord.setVisibility:132 com.android.server.wm.ActivityTaskSupervisor.realStartActivityLocked:203 com.android.server.wm.ActivityTaskSupervisor.startSpecificActivity:27 com.android.server.wm.TaskFragment.resumeTopActivity:2089 
01-29 23:38:57.105  2385  7407 D SGM:FgCheckThread: notifyAppCreated(), packageName: com.example.llmserverapp, userId: 0, sendRet: true
01-29 23:38:57.105  2385  3699 D SGM:FgCheckThread: onLooperPrepared(), msg: MSG_APP_CREATE, pkgName: com.example.llmserverapp, userId: 0
01-29 23:38:57.105  2385  7407 D InputDispatcher: Focused application(0): ActivityRecord{100099448 u0 com.example.llmserverapp/.MainActivity t2235}
01-29 23:38:57.105  2385  7407 D WindowManager: Changing focus from Window{7798d2a u0 com.example.llmserverapp/com.example.llmserverapp.SplashActivity} to null displayId=0 Callers=com.android.server.wm.ActivityTaskManagerService.setLastResumedActivityUncheckLocked:264 com.android.server.wm.ActivityTaskSupervisor.updateTopResumedActivityIfNeeded:51 com.android.server.wm.TaskFragment.setResumedActivity:30 com.android.server.wm.ActivityRecord.setState:100 
01-29 23:38:57.105  2385  7407 D ActivityTaskManager: scheduleTopResumedActivityChanged, onTop=true, r=ActivityRecord{100099448 u0 com.example.llmserverapp/.MainActivity t2235}, caller=com.android.server.wm.ActivityTaskSupervisor.scheduleTopResumedActivityStateIfNeeded:18 com.android.server.wm.ActivityTaskSupervisor.updateTopResumedActivityIfNeeded:54 com.android.server.wm.TaskFragment.setResumedActivity:30 com.android.server.wm.ActivityRecord.setState:100 com.android.server.wm.ActivityTaskSupervisor.realStartActivityLocked:477 com.android.server.wm.ActivityTaskSupervisor.startSpecificActivity:27 
01-29 23:38:57.105  2385  7407 D WindowManagerServiceExt: updateTaskbarTargetIfNeeded: cn=ComponentInfo{com.example.llmserverapp/com.example.llmserverapp.MainActivity} occludesParent=true isInSplitScreenMode=false
01-29 23:38:57.105  1861  1861 I SurfaceFlinger: [ActivityRecord{100099448 u0 com.example.llmserverapp/.MainActivity t2235}#146232] attach to parent LayerHierarchy{RequestedLayerState{Task=2235#146215 parentId=10 z=34} 2 children}
01-29 23:38:57.105  2385  7407 D BLASTSyncEngine: SyncGroup 10972:  Unfinished container: ActivityRecord{100099448 u0 com.example.llmserverapp/.MainActivity t2235} mSyncState=2
01-29 23:38:57.106  2385  4386 D GraphicsStatsService: requestRenderEngineFor(com.example.llmserverapp)
01-29 23:38:57.106  2385  2866 D SGM:FgCheckThread: notePauseComponent(), received pkgName: com.example.llmserverapp, userId: 0
01-29 23:38:57.106 29716 29716 D ActivityThread: com.example.llmserverapp will use render engine as VK
01-29 23:38:57.110  2385  2866 D SGM:FgCheckThread: noteResumeComponent(), received pkgName: com.example.llmserverapp, userId: 0
01-29 23:38:57.110  7363  7402 I SDHMS:k : handleResumeComponent : put = com.example.llmserverapp, userid = 0 instanceid =235992145
01-29 23:38:57.110  2385  3699 D SGM:FgCheckThread: onLooperPrepared(), msg: MSG_APP_RESUME, pkgName: com.example.llmserverapp, userid: 0
01-29 23:38:57.110  2385  7407 D WindowManager: prepareSync <SYNC_STATE_WAITING_FOR_DRAW>, mPrepareSyncSeqId=0, win=Window{229debb u0 com.example.llmserverapp/com.example.llmserverapp.MainActivity}
01-29 23:38:57.110  6080  6080 I HoneySpace.EdgePanel.EdgePanelContainerViewModel: cocktailHostRepository.edgePanelOperation NoteResumeComponent(componentName=ComponentInfo{com.example.llmserverapp/com.example.llmserverapp.MainActivity})
01-29 23:38:57.110  1861  4516 I SurfaceFlinger: id=146233 createSurf, flag=84004, 229debb com.example.llmserverapp/com.example.llmserverapp.MainActivity#146233
01-29 23:38:57.110  6080  6080 I HoneySpace.EdgePanel.ActivityUtils: HomePackage : com.sec.android.app.launcher, resumePackageName : com.example.llmserverapp, className : com.example.llmserverapp.MainActivity
01-29 23:38:57.110 29716 29716 I InsetsController: onStateChanged: host=com.example.llmserverapp/com.example.llmserverapp.MainActivity, from=android.view.ViewRootImpl.onInsetsStateChanged:3026, state=InsetsState: {mDisplayFrame=Rect(0, 0 - 1080, 2340), mDisplayCutout=DisplayCutout{insets=Rect(0, 91 - 0, 0) waterfall=Insets{left=0, top=0, right=0, bottom=0} boundingRect={Bounds=[Rect(0, 0 - 0, 0), Rect(511, 0 - 569, 91), Rect(0, 0 - 0, 0), Rect(0, 0 - 0, 0)]} cutoutPathParserInfo={CutoutPathParserInfo{displayWidth=1080 displayHeight=2340 physicalDisplayWidth=1080 physicalDisplayHeight=2340 density={3.0} cutoutSpec={M 0,0 H -9.666666666666667 V 30.33333333333333 H 9.666666666666667 V 0 H 0 Z @dp} rotation={0} scale={1.0} physicalPixelDisplaySizeRatio={1.0}}} sideOverrides={}}, mRoundedCorners=RoundedCorners{[RoundedCorner{position=TopLeft, radius=102, center=Point(102, 102)}, RoundedCorner{position=TopRight, radius=102, center=Point(978, 102)}, RoundedCorner{position=BottomRight, radius=102, center=Point(978, 2238)}, RoundedCorner{position=BottomLeft, radius=102, center=Point(102, 2238)}]}  mRoundedCornerFrame=Rect(0, 0 - 1080, 2340), mPrivacyIndicatorBounds=PrivacyIndicatorBounds {static bounds=Rect(948, 0 - 1080, 91) rotation=0}, mDisplayShape=DisplayShape{ spec=-311912193 displayWidth=1080 displayHeight=2340 physicalPixelDisplaySizeRatio=1.0 rotation=0 offsetX=0 offsetY=0 scale=1.0}, mSources= { InsetsSource: {e9c80001 mType=navigationBars mFrame=[0,2295][1080,2340] mVisible=true mFlags=SUPPRESS_SCRIM mSideHint=BOTTOM mBoundingRects=null}, InsetsSource: {e9c80004 mType=systemGestures mFrame=[0,0][90,2340] mVisible=true mFlags= mSideHint=LEFT mBoundingRects=null}, InsetsSource: {e9c80005 mType=mandatorySystemGestures mFrame=[0,2244][1080,2340] mVisible=true mFlags= mSideHint=BOTTOM mBoundingRects=null}, InsetsSource: {e9c80006 mType=tappableElement mFrame=[0,0][0,0] mVisible=true mFlags= mSideHint=NONE mBoundingRects=null}, InsetsSource: {e9c80024 mType=systemGestures mFrame=[990,0][1080,2340] mVisible=true mFlags= mSideHint=RIGHT mBoundingRects=null}, InsetsSource: {f98a0000 mType=statusBars mFrame=[0,0][1080,91] mVisible=true mFlags= mSideHint=TOP mBoundingRects=null}, InsetsSource: {f98a0005 mType=mandatorySystemGestures mFrame=[0,0][1080,127] mVisible=true mFlags= mSideHint=TOP mBoundingRects=null}, InsetsSource: {f98a0006 mType=tappableElement mFrame=[0,0][1080,91] mVisible=true mFlags= mSideHint=TOP mBoundingRects=null}, InsetsSource: {3 mType=ime mFrame=[0,0][0,0] mVisible=false mFlags= mSideHint=NONE mBoundingRects=null}, InsetsSource: {27 mType=displayCutout mFrame=[0,0][1080,91] mVisible=true mFlags= mSideHint=TOP mBoundingRects=null} }
01-29 23:38:57.112  2385  2867 D SurfaceComposerClient: setCornerRadius ## 229debb com.example.llmserverapp/com.example.llmserverapp.MainActivity#146233 cornerRadius=0.000000
01-29 23:38:57.112  2385  2867 D BLASTSyncEngine: SyncGroup 10972:  Unfinished container: ActivityRecord{100099448 u0 com.example.llmserverapp/.MainActivity t2235} mSyncState=2
01-29 23:38:57.114  1861  1861 I SurfaceFlinger: [229debb com.example.llmserverapp/com.example.llmserverapp.MainActivity#146233] attach to parent LayerHierarchy{RequestedLayerState{ActivityRecord{100099448 u0 com.example.llmserverapp/.MainActivity t2235}#146232 parentId=146215} 1 children}
01-29 23:38:57.116  2385  4375 D InputDispatcher: Focus left window (0): 7798d2a com.example.llmserverapp/com.example.llmserverapp.SplashActivity
01-29 23:38:57.129  2385  3805 D MdnieScenarioControlService:  packageName : com.example.llmserverapp    className : com.example.llmserverapp.MainActivity
01-29 23:38:57.133  2385  4254 D CoreBackPreview: Window{229debb u0 com.example.llmserverapp/com.example.llmserverapp.MainActivity}: Setting back callback OnBackInvokedCallbackInfo{mCallback=android.window.IOnBackInvokedCallback$Stub$Proxy@fd6b1ee, mPriority=0, mIsAnimationCallback=false, mOverrideBehavior=0}
01-29 23:38:57.137  2385  4254 I WindowManager: Relayout Window{229debb u0 com.example.llmserverapp/com.example.llmserverapp.MainActivity}: viewVisibility=0 req=1080x2340 ty=1 d0
01-29 23:38:57.137  1861  4516 I SurfaceFlinger: id=146234 createSurf, flag=44004, com.example.llmserverapp/com.example.llmserverapp.MainActivity$_29716#146234
01-29 23:38:57.137  2385  4254 D WindowManager: makeSurface duration=0 name=com.example.llmserverapp/com.example.llmserverapp.MainActivity$_29716
01-29 23:38:57.137  2385  4254 D SurfaceComposerClient: setCornerRadius ## 229debb com.example.llmserverapp/com.example.llmserverapp.MainActivity#146233 cornerRadius=0.000000
01-29 23:38:57.137  2385  4254 D SurfaceComposerClient: setCornerRadius ## 229debb com.example.llmserverapp/com.example.llmserverapp.MainActivity#146233 cornerRadius=0.000000
01-29 23:38:57.137  2385  4254 D BLASTSyncEngine: SyncGroup 10972:  Unfinished container: ActivityRecord{100099448 u0 com.example.llmserverapp/.MainActivity t2235} mSyncState=2
01-29 23:38:57.137  2385  4254 D WindowManager: Changing focus from null to Window{229debb u0 com.example.llmserverapp/com.example.llmserverapp.MainActivity} displayId=0 Callers=com.android.server.wm.WindowManagerService.relayoutWindow:1350 com.android.server.wm.Session.relayout:27 android.view.IWindowSession$Stub.onTransact:829 com.android.server.wm.Session.onTransact:1 
01-29 23:38:57.137  2385  4254 D InsetsSourceProvider: updateControlForTarget: control=InsetsSourceControl: {f98a0000 mType=statusBars initiallyVisible mSurfacePosition=Point(0, 0) mInsetsHint=Insets{left=0, top=91, right=0, bottom=0}}, target=Window{229debb u0 com.example.llmserverapp/com.example.llmserverapp.MainActivity}, from=com.android.server.wm.InsetsStateController.onControlTargetChanged:83 com.android.server.wm.InsetsPolicy.updateBarControlTarget:212 com.android.server.wm.DisplayPolicy.updateSystemBarAttributes:262 com.android.server.wm.WindowManagerService.updateFocusedWindowLocked:372 com.android.server.wm.WindowManagerService.relayoutWindow:1350 
01-29 23:38:57.138  2385  4254 D InsetsSourceProvider: updateControlForTarget: control=InsetsSourceControl: {e9c80001 mType=navigationBars initiallyVisible mSurfacePosition=Point(0, 2196) mInsetsHint=Insets{left=0, top=0, right=0, bottom=45}}, target=Window{229debb u0 com.example.llmserverapp/com.example.llmserverapp.MainActivity}, from=com.android.server.wm.InsetsStateController.onControlTargetChanged:83 com.android.server.wm.InsetsPolicy.updateBarControlTarget:225 com.android.server.wm.DisplayPolicy.updateSystemBarAttributes:262 com.android.server.wm.WindowManagerService.updateFocusedWindowLocked:372 com.android.server.wm.WindowManagerService.relayoutWindow:1350 
01-29 23:38:57.138  2385  4254 V SystemKeyManager: updateFocusedWindow() is called, com.example.llmserverapp/com.example.llmserverapp.MainActivity
01-29 23:38:57.138  2385  4254 I SystemKeyManager: requested systemKeyInfo size=1 focusedWindow=com.example.llmserverapp/com.example.llmserverapp.MainActivity
01-29 23:38:57.145  1861  4516 I SurfaceFlinger: [com.example.llmserverapp/com.example.llmserverapp.MainActivity$_29716#146234] setTransactionState with the first frame. bufferData(ID: 127629248167943, frameNumber: 1)
01-29 23:38:57.145  2385  4254 D WindowManager: finishDrawingWindow: Window{229debb u0 com.example.llmserverapp/com.example.llmserverapp.MainActivity} mDrawState=DRAW_PENDING seqId=0
01-29 23:38:57.146  2385  2867 D SurfaceComposerClient: setCornerRadius ## 229debb com.example.llmserverapp/com.example.llmserverapp.MainActivity#146233 cornerRadius=0.000000
01-29 23:38:57.146  2385  2867 D SurfaceComposerClient: setCornerRadius ## 229debb com.example.llmserverapp/com.example.llmserverapp.MainActivity#146233 cornerRadius=0.000000
01-29 23:38:57.146  2385  2867 V WindowManager: performShowLocked: mDrawState=HAS_DRAWN in Window{229debb u0 com.example.llmserverapp/com.example.llmserverapp.MainActivity}
01-29 23:38:57.146  2385  2867 D ChangeTransitionController:    ChangeInfo{90b05b7 container=ActivityRecord{100099448 u0 com.example.llmserverapp/.MainActivity t2235} flags=0x0}
01-29 23:38:57.146  2385  2867 D ChangeTransitionController:    ChangeInfo{7f96124 container=Task{6a6d625 #2235 type=standard A=10528:com.example.llmserverapp} flags=0x0}
01-29 23:38:57.146  2385  2867 D ChangeTransitionController:    ChangeInfo{68becab container=ActivityRecord{161159708 u0 com.example.llmserverapp/.SplashActivity t2235 f}} flags=0x0}
01-29 23:38:57.147  2385  2867 V WindowManager: Start calculating TransitionInfo based on participants: {ActivityRecord{100099448 u0 com.example.llmserverapp/.MainActivity t2235}, ActivityRecord{161159708 u0 com.example.llmserverapp/.SplashActivity t2235 f}}}
01-29 23:38:57.147  2385  2867 V WindowManager:   Final targets: [ChangeInfo{90b05b7 container=ActivityRecord{100099448 u0 com.example.llmserverapp/.MainActivity t2235} flags=0x0}, ChangeInfo{68becab container=ActivityRecord{161159708 u0 com.example.llmserverapp/.SplashActivity t2235 f}} flags=0x0}]
01-29 23:38:57.147  1861  4516 I SurfaceFlinger: id=146237 createSurf, flag=84004, Transition Root: ActivityRecord{100099448 u0 com.example.llmserverapp/.MainActivity t2235}#146237
01-29 23:38:57.147  1861  1861 I SurfaceFlinger: [com.example.llmserverapp/com.example.llmserverapp.MainActivity$_29716#146234] attach to parent LayerHierarchy{RequestedLayerState{229debb com.example.llmserverapp/com.example.llmserverapp.MainActivity#146233 parentId=146232} 1 children}
01-29 23:38:57.147  1861  1861 I SurfaceFlinger: [Transition Root: ActivityRecord{100099448 u0 com.example.llmserverapp/.MainActivity t2235}#146237] attach to parent LayerHierarchy{RequestedLayerState{Task=2235#146215 parentId=10 z=34} 3 children}
01-29 23:38:57.147  2385  2867 I SurfaceControlRegistry: show, t=StartTransaction_SyncId<10972> sc=ActivityRecord{100099448 u0 com.example.llmserverapp/.MainActivity t2235}, caller=android.view.SurfaceControl$Transaction.show:3557 com.android.server.wm.Transition.onTransactionReady:2048 com.android.server.wm.BLASTSyncEngine$SyncGroup.finishNow:240 com.android.server.wm.BLASTSyncEngine.onSurfacePlacement:263 com.android.server.wm.RootWindowContainer.performSurfacePlacementNoTrace:1083 com.android.server.wm.WindowSurfacePlacer.performSurfacePlacement:166 
01-29 23:38:57.147  2385  2867 D SurfaceComposerClient: setCornerRadius ## ActivityRecord{161159708 u0 com.example.llmserverapp/.SplashActivity t2235}#146216 cornerRadius=0.000000
01-29 23:38:57.147  2385  2867 D SurfaceComposerClient: setCornerRadius ## ActivityRecord{100099448 u0 com.example.llmserverapp/.MainActivity t2235}#146232 cornerRadius=0.000000
01-29 23:38:57.147  2385  2867 V WindowManager:         {m=OPEN f=FILLS_TASK|IS_ACTIVITY leash=Surface(name=ActivityRecord{100099448 u0 com.example.llmserverapp/.MainActivity t2235})/@0x2f20f08 sb=Rect(0, 0 - 0, 0) eb=Rect(0, 0 - 1080, 2340) epz=Point(1080, 2340) d=-1->0 r=-1->0:-1 bc=fffafafa component=com.example.llmserverapp/.MainActivity opt={t=FROM_STYLE mUserId=0} inset=Rect(0, 0 - 0, 0) dim=true taskIdForActivity=2235},
01-29 23:38:57.147  2385  2867 V WindowManager:         {m=CLOSE f=FILLS_TASK|IS_ACTIVITY leash=Surface(name=ActivityRecord{161159708 u0 com.example.llmserverapp/.SplashActivity t2235})/@0x2427e01 sb=Rect(0, 0 - 1080, 2340) eb=Rect(0, 0 - 1080, 2340) epz=Point(1080, 2340) d=0 bc=fffafafa component=com.example.llmserverapp/.SplashActivity opt={t=FROM_STYLE mUserId=0} inset=Rect(0, 0 - 0, 0) taskIdForActivity=2235}
01-29 23:38:57.148  2385  2862 I ActivityTaskManager: Displayed com.example.llmserverapp/.MainActivity for user 0: +45ms
01-29 23:38:57.148  2385  2867 I ActivityTaskManager: done cause=notifyTransitionStarting drawn timestamp=635376496173245 info=TransitionInfo{93f10c6 a=ActivityRecord{100099448 u0 com.example.llmserverapp/.MainActivity t2235} d=true}
01-29 23:38:57.148  2385  2862 I Pageboost: Launch time gathered : pid 29716 com.example.llmserverapp 45
01-29 23:38:57.148  2385  2867 D SurfaceComposerClient: setCornerRadius ## 229debb com.example.llmserverapp/com.example.llmserverapp.MainActivity#146233 cornerRadius=0.000000
01-29 23:38:57.148  2385  2862 V WindowManager: Sent Transition (#10972) createdAt=01-29 23:38:57.101 via request=TransitionRequestInfo { type = OPEN, triggerTask = TaskInfo{userId=0 taskId=2235 effectiveUid=10528 displayId=0 isRunning=true baseIntent=Intent { act=android.intent.action.MAIN cat=[android.intent.category.LAUNCHER] flg=0x10200000 cmp=com.example.llmserverapp/.SplashActivity } baseActivity=ComponentInfo{com.example.llmserverapp/com.example.llmserverapp.SplashActivity} topActivity=ComponentInfo{com.example.llmserverapp/com.example.llmserverapp.MainActivity} origActivity=null realActivity=ComponentInfo{com.example.llmserverapp/com.example.llmserverapp.SplashActivity} numActivities=2 lastActiveTime=912474857 supportsMultiWindow=true resizeMode=1 isResizeable=true minWidth=-1 minHeight=-1 maxWidth=-1 maxHeight=-1 defaultMinSize=220 desktopDefaultMinSize=304 token=WCT{RemoteToken{b755dd6 Task{6a6d625 #2235 type=standard A=10528:com.example.llmserverapp}}} topActivityType=1 pictureInPictureParams=null shouldDockBigOverlays=false launchIntoPipHostTaskId=-1 lastParentTaskIdBeforePip=-1 displayCutoutSafeInsets=Rect(0, 0 - 0, 0) topActivityInfo=ActivityInfo{61aa887 com.example.llmserverapp.MainActivity} launchCookies=[android.os.BinderProxy@9c22f3] positionInParent=Point(0, 0) parentTaskId=-1 isFocused=true isVisible=true isVisibleRequested=true isTopActivityNoDisplay=false isSleeping=false locusId=null displayAreaFeatureId=1 isTopActivityTransparent=false isActivityStackTransparent=false lastNonFullscreenBounds=Rect(81, 608 - 999, 1778) capturedLink=null capturedLinkTimestamp=0 requestedVisibleTypes=-9 topActivityRequestOpenInBrowserEducationTimestamp=0 appCompatTaskInfo=AppCompatTaskInfo { topActivityInSizeCompat=false eligibleForLetterboxEducation= false isLetterboxEducationEnabled= false isLetterboxDoubleTapEnabled= false eligibleForUserAspectRatioButton= false topActivityBoundsLetterboxed= false isFromLetterboxDoubleTap= false topActivityLetterboxVerticalPosition= -1 topActivityLetterboxHorizontalPosition= -1 topActivityLetterboxWidth=-1 topActivityLetterboxHeight=-1 topActivityAppBounds=Rect(0, 91 - 1080, 2295) isUserFullscreenOverrideEnabled=false isSystemFullscreenOverrideEnabled=false hasMinAspectRatioOverride=false topActivityLetterboxBounds=null cameraCompatTaskInfo=CameraCompatTaskInfo { freeformCameraCompatMode=inactive} topActivityBounds=null topActivityInDisplayCompat=false singleTapFromLetterbox=false} topActivityMainWindowFrame=null originallySupportedMultiWindow=true hasWallpaper=false rootAffinity=10528:com.example.llmserverapp isTopTaskInStage=false CoverLauncherWidgetTask=false LaunchedFromAppsCoverLauncherTask=false LaunchedFromMultistarCoverLauncherTask=false isAllowedSeamlessRotation=false isTopTransparentActivity=false isAliasManaged=false hasConfigChanged=false snappingGuideBounds=null isAiKeyRemoveAppTask=false lastDesktopWindowingBounds=null lastExternalDesktopWindowingBounds=null safeCutoutInsets=null}, pipChange = null, remoteTransition = null, displayChange = null, flags = 0, debugId = 10972 }
01-29 23:38:57.148  2385  2862 V WindowManager:         {m=OPEN f=FILLS_TASK|IS_ACTIVITY leash=Surface(name=ActivityRecord{100099448 u0 com.example.llmserverapp/.MainActivity t2235})/@0x2f20f08 sb=Rect(0, 0 - 0, 0) eb=Rect(0, 0 - 1080, 2340) epz=Point(1080, 2340) d=-1->0 r=-1->0:-1 bc=fffafafa component=com.example.llmserverapp/.MainActivity opt={t=FROM_STYLE mUserId=0} inset=Rect(0, 0 - 0, 0) dim=true taskIdForActivity=2235},
01-29 23:38:57.148  2385  2862 V WindowManager:         {m=CLOSE f=FILLS_TASK|IS_ACTIVITY leash=Surface(name=ActivityRecord{161159708 u0 com.example.llmserverapp/.SplashActivity t2235})/@0x2427e01 sb=Rect(0, 0 - 1080, 2340) eb=Rect(0, 0 - 1080, 2340) epz=Point(1080, 2340) d=0 bc=fffafafa component=com.example.llmserverapp/.SplashActivity opt={t=FROM_STYLE mUserId=0} inset=Rect(0, 0 - 0, 0) taskIdForActivity=2235}
01-29 23:38:57.148  2385  2867 D SurfaceComposerClient: setCornerRadius ## 229debb com.example.llmserverapp/com.example.llmserverapp.MainActivity#146233 cornerRadius=0.000000
01-29 23:38:57.149  4035  4237 V WindowManagerShell:         {m=OPEN f=FILLS_TASK|IS_ACTIVITY leash=Surface(name=ActivityRecord{100099448 u0 com.example.llmserverapp/.MainActivity t2235})/@0x83cbec8 sb=Rect(0, 0 - 0, 0) eb=Rect(0, 0 - 1080, 2340) epz=Point(1080, 2340) d=-1->0 r=-1->0:-1 bc=fffafafa component=com.example.llmserverapp/.MainActivity opt={t=FROM_STYLE mUserId=0} inset=Rect(0, 0 - 0, 0) dim=true taskIdForActivity=2235},
01-29 23:38:57.149  4035  4237 V WindowManagerShell:         {m=CLOSE f=FILLS_TASK|IS_ACTIVITY leash=Surface(name=ActivityRecord{161159708 u0 com.example.llmserverapp/.SplashActivity t2235})/@0xaae5b61 sb=Rect(0, 0 - 1080, 2340) eb=Rect(0, 0 - 1080, 2340) epz=Point(1080, 2340) d=0 bc=fffafafa component=com.example.llmserverapp/.SplashActivity opt={t=FROM_STYLE mUserId=0} inset=Rect(0, 0 - 0, 0) taskIdForActivity=2235}
01-29 23:38:57.149  4035  4237 I SurfaceControlRegistry: hide, t=FinishTransaction_SyncId<10972> sc=ActivityRecord{161159708 u0 com.example.llmserverapp/.SplashActivity t2235}, caller=android.view.SurfaceControl$Transaction.hide:3583 com.android.wm.shell.transition.Transitions.dispatchReady:1263 com.android.wm.shell.transition.Transitions.onTransitionReady:251 com.android.wm.shell.transition.Transitions$TransitionPlayerImpl$$ExternalSyntheticLambda0.run:13 android.os.Handler.handleCallback:995 android.os.Handler.dispatchMessage:103 
01-29 23:38:57.149  4035  4237 I SurfaceControlRegistry: show, t=StartTransaction_SyncId<10972> sc=ActivityRecord{100099448 u0 com.example.llmserverapp/.MainActivity t2235}, caller=android.view.SurfaceControl$Transaction.show:3557 com.android.wm.shell.transition.Transitions.dispatchReady:1279 com.android.wm.shell.transition.Transitions.onTransitionReady:251 com.android.wm.shell.transition.Transitions$TransitionPlayerImpl$$ExternalSyntheticLambda0.run:13 android.os.Handler.handleCallback:995 android.os.Handler.dispatchMessage:103 
01-29 23:38:57.149  4035  4237 I SurfaceControlRegistry: show, t=FinishTransaction_SyncId<10972> sc=ActivityRecord{100099448 u0 com.example.llmserverapp/.MainActivity t2235}, caller=android.view.SurfaceControl$Transaction.show:3557 com.android.wm.shell.transition.Transitions.dispatchReady:1330 com.android.wm.shell.transition.Transitions.onTransitionReady:251 com.android.wm.shell.transition.Transitions$TransitionPlayerImpl$$ExternalSyntheticLambda0.run:13 android.os.Handler.handleCallback:995 android.os.Handler.dispatchMessage:103 
01-29 23:38:57.149  1861  4513 I SurfaceFlinger: id=146238 createSurf, flag=84000, 79573ea ActivityRecordInputSink com.example.llmserverapp/.MainActivity#146238
01-29 23:38:57.149  4035  4237 I SurfaceControlRegistry: show, t=StartTransaction_SyncId<10972> sc=Transition Root: ActivityRecord{100099448 u0 com.example.llmserverapp/.MainActivity t2235}, caller=android.view.SurfaceControl$Transaction.show:3557 com.android.wm.shell.transition.Transitions.playTransition:79 com.android.wm.shell.transition.Transitions.processReadyQueue:239 com.android.wm.shell.transition.Transitions.dispatchReady:1352 com.android.wm.shell.transition.Transitions.onTransitionReady:251 com.android.wm.shell.transition.Transitions$TransitionPlayerImpl$$ExternalSyntheticLambda0.run:13 
01-29 23:38:57.150  1861  2340 D SurfaceFlinger: [input] setFocusedWindow: 229debb com.example.llmserverapp/com.example.llmserverapp.MainActivity
01-29 23:38:57.150  2385  3814 D InputDispatcher: Once focus requested (0): 229debb com.example.llmserverapp/com.example.llmserverapp.MainActivity
01-29 23:38:57.150  2385  3814 D InputDispatcher: Focus request (0): 229debb com.example.llmserverapp/com.example.llmserverapp.MainActivity but waiting because NO_WINDOW
01-29 23:38:57.150  4035  4237 V WindowManagerShell: Transition doesn't have explicit remote, search filters for match for {id=10972 t=OPEN f=0x0 trk=0 r=[0@Point(0, 0)] c=[{m=OPEN f=FILLS_TASK|IS_ACTIVITY leash=Surface(name=ActivityRecord{100099448 u0 com.example.llmserverapp/.MainActivity t2235})/@0x83cbec8 sb=Rect(0, 0 - 0, 0) eb=Rect(0, 0 - 1080, 2340) epz=Point(1080, 2340) d=-1->0 r=-1->0:-1 bc=fffafafa component=com.example.llmserverapp/.MainActivity opt={t=FROM_STYLE mUserId=0} inset=Rect(0, 0 - 0, 0) dim=true taskIdForActivity=2235},{m=CLOSE f=FILLS_TASK|IS_ACTIVITY leash=Surface(name=ActivityRecord{161159708 u0 com.example.llmserverapp/.SplashActivity t2235})/@0xaae5b61 sb=Rect(0, 0 - 1080, 2340) eb=Rect(0, 0 - 1080, 2340) epz=Point(1080, 2340) d=0 bc=fffafafa component=com.example.llmserverapp/.SplashActivity opt={t=FROM_STYLE mUserId=0} inset=Rect(0, 0 - 0, 0) taskIdForActivity=2235}]}
01-29 23:38:57.150  4035  4237 V WindowManagerShell: start default transition animation, info = {id=10972 t=OPEN f=0x0 trk=0 r=[0@Point(0, 0)] c=[{m=OPEN f=FILLS_TASK|IS_ACTIVITY leash=Surface(name=ActivityRecord{100099448 u0 com.example.llmserverapp/.MainActivity t2235})/@0x83cbec8 sb=Rect(0, 0 - 0, 0) eb=Rect(0, 0 - 1080, 2340) epz=Point(1080, 2340) d=-1->0 r=-1->0:-1 bc=fffafafa component=com.example.llmserverapp/.MainActivity opt={t=FROM_STYLE mUserId=0} inset=Rect(0, 0 - 0, 0) dim=true taskIdForActivity=2235},{m=CLOSE f=FILLS_TASK|IS_ACTIVITY leash=Surface(name=ActivityRecord{161159708 u0 com.example.llmserverapp/.SplashActivity t2235})/@0xaae5b61 sb=Rect(0, 0 - 1080, 2340) eb=Rect(0, 0 - 1080, 2340) epz=Point(1080, 2340) d=0 bc=fffafafa component=com.example.llmserverapp/.SplashActivity opt={t=FROM_STYLE mUserId=0} inset=Rect(0, 0 - 0, 0) taskIdForActivity=2235}]}
01-29 23:38:57.150 29716 29716 I InsetsController: setRequestedVisibleTypes: visible=false, mask=statusBars, host=com.example.llmserverapp/com.example.llmserverapp.MainActivity, from=android.view.InsetsController.controlAnimationUnchecked:1604 android.view.InsetsController.applyAnimation:2416 android.view.InsetsController.applyAnimation:2343 android.view.InsetsController.hide:1540 android.view.InsetsController.hide:1450 com.example.llmserverapp.MainActivity.onCreate$lambda$1:67 com.example.llmserverapp.MainActivity.$r8$lambda$3gbGAaJY4vecVxJL_axqpYrpBv8:0 com.example.llmserverapp.MainActivity$$ExternalSyntheticLambda0.run:0 android.os.Handler.handleCallback:995 android.os.Handler.dispatchMessage:103 
