01-29 23:38:57.150 29716 29716 I InsetsController: setRequestedVisibleTypes: visible=false, mask=navigationBars, host=com.example.llmserverapp/com.example.llmserverapp.MainActivity, from=android.view.InsetsController.controlAnimationUnchecked:1604 android.view.InsetsController.applyAnimation:2416 android.view.InsetsController.applyAnimation:2343 android.view.InsetsController.hide:1540 android.view.InsetsController.hide:1450 com.example.llmserverapp.MainActivity.onCreate$lambda$1:68 com.example.llmserverapp.MainActivity.$r8$lambda$3gbGAaJY4vecVxJL_axqpYrpBv8:0 com.example.llmserverapp.MainActivity$$ExternalSyntheticLambda0.run:0 android.os.Handler.handleCallback:995 android.os.Handler.dispatchMessage:103 
01-29 23:38:57.150  2385  4254 D InsetsSourceProvider: updateVisibility: serverVisible=true, clientVisible=false, source=InsetsSource: {f98a0000 mType=statusBars mFrame=[0,0][1080,91] mVisible=false mFlags= mSideHint=TOP mBoundingRects=null}, controlTarget=Window{229debb u0 com.example.llmserverapp/com.example.llmserverapp.MainActivity}, from=com.android.server.wm.InsetsSourceProvider.setClientVisible:8 com.android.server.wm.InsetsSourceProvider.updateClientVisibility:20 com.android.server.wm.InsetsStateController.onRequestedVisibleTypesChanged:44 com.android.server.wm.InsetsPolicy.onRequestedVisibleTypesChanged:3 com.android.server.wm.Session.updateRequestedVisibleTypes:37 android.view.IWindowSession$Stub.onTransact:1188 com.android.server.wm.Session.onTransact:1 android.os.Binder.execTransactInternal:1462 android.os.Binder.execTransact:1401 <bottom of call stack> 
01-29 23:38:57.150  4035  4237 V WindowManagerShell:    change={m=CLOSE f=FILLS_TASK|IS_ACTIVITY leash=Surface(name=ActivityRecord{161159708 u0 com.example.llmserverapp/.SplashActivity t2235})/@0xaae5b61 sb=Rect(0, 0 - 1080, 2340) eb=Rect(0, 0 - 1080, 2340) epz=Point(1080, 2340) d=0 bc=fffafafa component=com.example.llmserverapp/.SplashActivity opt={t=FROM_STYLE mUserId=0} inset=Rect(0, 0 - 0, 0) taskIdForActivity=2235}
01-29 23:38:57.150  4035  4237 D SurfaceComposerClient: [ActivityRecord{161159708 u0 com.example.llmserverapp/.SplashActivity t2235}#146216] setEdgeExtension Right
01-29 23:38:57.151  2385  4254 D WindowManager: updateSystemBarAttributes: displayId=0, focusedCanBeNavColorWin=false, win=Window{229debb u0 com.example.llmserverapp/com.example.llmserverapp.MainActivity}, navColorWin=Window{229debb u0 com.example.llmserverapp/com.example.llmserverapp.MainActivity}, caller=com.android.server.wm.InsetsStateController.onRequestedVisibleTypesChanged:86 com.android.server.wm.InsetsPolicy.onRequestedVisibleTypesChanged:3 com.android.server.wm.Session.updateRequestedVisibleTypes:37 
01-29 23:38:57.151  4035  4237 V WindowManagerShell:    change={m=OPEN f=FILLS_TASK|IS_ACTIVITY leash=Surface(name=ActivityRecord{100099448 u0 com.example.llmserverapp/.MainActivity t2235})/@0x83cbec8 sb=Rect(0, 0 - 0, 0) eb=Rect(0, 0 - 1080, 2340) epz=Point(1080, 2340) d=-1->0 r=-1->0:-1 bc=fffafafa component=com.example.llmserverapp/.MainActivity opt={t=FROM_STYLE mUserId=0} inset=Rect(0, 0 - 0, 0) dim=true taskIdForActivity=2235}
01-29 23:38:57.151  1861  4513 I SurfaceFlinger: id=146239 createSurf, flag=20004, DimTransitionLayer for Surface(name=ActivityRecord{100099448 u0 com.example.llmserverapp/.MainActivity t2235})/@0x83cbec8#146239
01-29 23:38:57.151  2385  2867 D SurfaceComposerClient: setCornerRadius ## 229debb com.example.llmserverapp/com.example.llmserverapp.MainActivity#146233 cornerRadius=0.000000
01-29 23:38:57.151  4035  4237 I SurfaceControlRegistry: show, t=StartTransaction_SyncId<10972> sc=DimTransitionLayer for Surface(name=ActivityRecord{100099448 u0 com.example.llmserverapp/.MainActivity t2235})/@0x83cbec8, caller=android.view.SurfaceControl$Transaction.show:3557 com.android.wm.shell.transition.DefaultTransitionHandler.startAnimation:2931 com.android.wm.shell.transition.Transitions.dispatchTransition:90 com.android.wm.shell.transition.Transitions.playTransition:774 com.android.wm.shell.transition.Transitions.processReadyQueue:239 com.android.wm.shell.transition.Transitions.dispatchReady:1352 
01-29 23:38:57.151  4035  4237 V WindowManagerShell: attach dim transition, change={m=OPEN f=FILLS_TASK|IS_ACTIVITY leash=Surface(name=ActivityRecord{100099448 u0 com.example.llmserverapp/.MainActivity t2235})/@0x83cbec8 sb=Rect(0, 0 - 0, 0) eb=Rect(0, 0 - 1080, 2340) epz=Point(1080, 2340) d=-1->0 r=-1->0:-1 bc=fffafafa component=com.example.llmserverapp/.MainActivity opt={t=FROM_STYLE mUserId=0} inset=Rect(0, 0 - 0, 0) dim=true taskIdForActivity=2235}
01-29 23:38:57.151  2385  2867 D SurfaceComposerClient: setCornerRadius ## 229debb com.example.llmserverapp/com.example.llmserverapp.MainActivity#146233 cornerRadius=0.000000
01-29 23:38:57.152  2385  2867 D WindowManager: applyWithNextDraw, mSyncSeqId=2, win=Window{229debb u0 com.example.llmserverapp/com.example.llmserverapp.MainActivity}, caller=com.android.server.wm.WindowState.applyWithNextDraw:131 com.android.server.wm.WindowState.updateSurfacePosition:302 com.android.server.wm.RootWindowContainer.performSurfacePlacementNoTrace:145 com.android.server.wm.WindowSurfacePlacer.performSurfacePlacement:166 com.android.server.wm.WindowSurfacePlacer$Traverser.run:14 android.os.Handler.handleCallback:995 
01-29 23:38:57.153  2385  4254 D InsetsSourceProvider: updateVisibility: serverVisible=true, clientVisible=false, source=InsetsSource: {e9c80001 mType=navigationBars mFrame=[0,2295][1080,2340] mVisible=false mFlags=SUPPRESS_SCRIM mSideHint=BOTTOM mBoundingRects=null}, controlTarget=Window{229debb u0 com.example.llmserverapp/com.example.llmserverapp.MainActivity}, from=com.android.server.wm.InsetsSourceProvider.setClientVisible:8 com.android.server.wm.InsetsSourceProvider.updateClientVisibility:20 com.android.server.wm.InsetsStateController.onRequestedVisibleTypesChanged:44 com.android.server.wm.InsetsPolicy.onRequestedVisibleTypesChanged:3 com.android.server.wm.Session.updateRequestedVisibleTypes:37 android.view.IWindowSession$Stub.onTransact:1188 com.android.server.wm.Session.onTransact:1 android.os.Binder.execTransactInternal:1462 android.os.Binder.execTransact:1401 <bottom of call stack> 
01-29 23:38:57.153  2385  4254 D WindowManager: updateSystemBarAttributes: displayId=0, focusedCanBeNavColorWin=false, win=Window{229debb u0 com.example.llmserverapp/com.example.llmserverapp.MainActivity}, navColorWin=Window{229debb u0 com.example.llmserverapp/com.example.llmserverapp.MainActivity}, caller=com.android.server.wm.InsetsStateController.onRequestedVisibleTypesChanged:86 com.android.server.wm.InsetsPolicy.onRequestedVisibleTypesChanged:3 com.android.server.wm.Session.updateRequestedVisibleTypes:37 
01-29 23:38:57.154  2385  2866 D SurfaceComposerClient: setCornerRadius ## 229debb com.example.llmserverapp/com.example.llmserverapp.MainActivity#146233 cornerRadius=0.000000
01-29 23:38:57.154  4035  4390 D CollapsedStatusBarFragmentExt: fullscreen    shouldHideIconsForNextAppWindow:false, lastFullscreen(pkg:com.example.llmserverapp, flag:false),    keyguard(fa:false, ga:false, oc:false, show:false)
01-29 23:38:57.154  2385  2866 D SurfaceComposerClient: setCornerRadius ## 229debb com.example.llmserverapp/com.example.llmserverapp.MainActivity#146233 cornerRadius=0.000000
01-29 23:38:57.154  2385  2867 D SurfaceComposerClient: setCornerRadius ## 229debb com.example.llmserverapp/com.example.llmserverapp.MainActivity#146233 cornerRadius=0.000000
01-29 23:38:57.155  1861  1861 E SurfaceFlinger: alpha changed 1.000 -> 0.000 - ActivityRecord{100099448 u0 com.example.llmserverapp/.MainActivity t2235}#146232
01-29 23:38:57.155  1861  1861 I SurfaceFlinger: RequestedLayer [229debb com.example.llmserverapp/com.example.llmserverapp.MainActivity#146233] hidden!! flag  from(1) --> to(0)
01-29 23:38:57.155  1861  1861 I SurfaceFlinger: RequestedLayer [com.example.llmserverapp/com.example.llmserverapp.MainActivity$_29716#146234] hidden!! flag  from(1) --> to(0)
01-29 23:38:57.155  1861  1861 E SurfaceFlinger: alpha changed 1.000 -> 0.000 - DimTransitionLayer for Surface(name=ActivityRecord{100099448 u0 com.example.llmserverapp/.MainActivity t2235})/@0x83cbec8#146239
01-29 23:38:57.155  1861  1861 E SurfaceFlinger: alpha changed 0.000 -> 1.000 - ActivityRecord{100099448 u0 com.example.llmserverapp/.MainActivity t2235}#146232
01-29 23:38:57.155  1861  1861 E SurfaceFlinger: alpha changed 0.000 -> 0.000 - DimTransitionLayer for Surface(name=ActivityRecord{100099448 u0 com.example.llmserverapp/.MainActivity t2235})/@0x83cbec8#146239
01-29 23:38:57.155  1861  1861 I SurfaceFlinger: [LayerHierarchy{RequestedLayerState{ActivityRecord{161159708 u0 com.example.llmserverapp/.SplashActivity t2235}#146216 parentId=146237 z=2} 3 children}] reparent to LayerHierarchy{RequestedLayerState{Transition Root: ActivityRecord{100099448 u0 com.example.llmserverapp/.MainActivity t2235}#146237 parentId=146215 z=1} 1 children}
01-29 23:38:57.155  1861  1861 I SurfaceFlinger: [LayerHierarchy{RequestedLayerState{ActivityRecord{100099448 u0 com.example.llmserverapp/.MainActivity t2235}#146232 parentId=146237 z=5} 1 children}] reparent to LayerHierarchy{RequestedLayerState{Transition Root: ActivityRecord{100099448 u0 com.example.llmserverapp/.MainActivity t2235}#146237 parentId=146215 z=1} 2 children}
01-29 23:38:57.155  1861  1861 I SurfaceFlinger: [79573ea ActivityRecordInputSink com.example.llmserverapp/.MainActivity#146238] attach to parent LayerHierarchy{RequestedLayerState{ActivityRecord{100099448 u0 com.example.llmserverapp/.MainActivity t2235}#146232 parentId=146237 z=5} 2 children}
01-29 23:38:57.155  1861  1861 I SurfaceFlinger: [DimTransitionLayer for Surface(name=ActivityRecord{100099448 u0 com.example.llmserverapp/.MainActivity t2235})/@0x83cbec8#146239] attach to parent LayerHierarchy{RequestedLayerState{Transition Root: ActivityRecord{100099448 u0 com.example.llmserverapp/.MainActivity t2235}#146237 parentId=146215 z=1} 3 children}
01-29 23:38:57.155  1861  1861 I SurfaceFlinger: [Letterbox - top#146240] attach to parent LayerHierarchy{RequestedLayerState{ActivityRecord{100099448 u0 com.example.llmserverapp/.MainActivity t2235}#146232 parentId=146237 z=5} 4 children}
01-29 23:38:57.157  2385  4375 D SurfaceComposerClient: setCornerRadius ## 229debb com.example.llmserverapp/com.example.llmserverapp.MainActivity#146233 cornerRadius=0.000000
01-29 23:38:57.157  2385  4375 D SurfaceComposerClient: setCornerRadius ## 229debb com.example.llmserverapp/com.example.llmserverapp.MainActivity#146233 cornerRadius=0.000000
01-29 23:38:57.158  2385  4375 D SurfaceComposerClient: setCornerRadius ## 229debb com.example.llmserverapp/com.example.llmserverapp.MainActivity#146233 cornerRadius=0.000000
01-29 23:38:57.159  2385  4375 D SurfaceComposerClient: setCornerRadius ## 229debb com.example.llmserverapp/com.example.llmserverapp.MainActivity#146233 cornerRadius=0.000000
01-29 23:38:57.159  2385  4254 D InputDispatcher: Focus entered window (0): 229debb com.example.llmserverapp/com.example.llmserverapp.MainActivity
01-29 23:38:57.164  2385  2867 D SurfaceComposerClient: setCornerRadius ## 229debb com.example.llmserverapp/com.example.llmserverapp.MainActivity#146233 cornerRadius=0.000000
01-29 23:38:57.165  1861  1861 D SurfaceFlinger:        CLIENT |          127629248167939 | 00002102 | RGBA_8888    |    0.0    0.0 1080.0 2340.0 |    0    0 1080 2340 | com.example.llmserverapp/com.example[...]rverapp.SplashActivity$_29716#146227 (69)
01-29 23:38:57.172  1861  1861 E SurfaceFlinger: alpha changed 0.000 -> 0.010 - DimTransitionLayer for Surface(name=ActivityRecord{100099448 u0 com.example.llmserverapp/.MainActivity t2235})/@0x83cbec8#146239
01-29 23:38:57.175  1861  1861 D SurfaceFlinger:        CLIENT |          127629248167939 | 00002102 | RGBA_8888    |   16.0    0.0 1080.0 2340.0 |    0    0 1080 2340 | com.example.llmserverapp/com.example[...]rverapp.SplashActivity$_29716#146227 (69)
01-29 23:38:57.175  1861  1861 D SurfaceFlinger:        CLIENT |          127629248167943 | 00002102 | RGBA_8888    |    0.0    0.0   49.0 2340.0 | 1031    0 1080 2340 | com.example.llmserverapp/com.example.llmserverapp.MainActivity$_29716#146234 (1)
01-29 23:38:57.178  2385  4254 I WindowManager: Relayout Window{229debb u0 com.example.llmserverapp/com.example.llmserverapp.MainActivity}: viewVisibility=0 req=1080x2340 ty=1 d0
01-29 23:38:57.179  2385  4254 D SurfaceComposerClient: setCornerRadius ## 229debb com.example.llmserverapp/com.example.llmserverapp.MainActivity#146233 cornerRadius=0.000000
01-29 23:38:57.179  2385  4254 D WindowManager: updateSystemBarAttributes: displayId=0, focusedCanBeNavColorWin=false, win=Window{229debb u0 com.example.llmserverapp/com.example.llmserverapp.MainActivity}, navColorWin=Window{229debb u0 com.example.llmserverapp/com.example.llmserverapp.MainActivity}, caller=com.android.server.wm.DisplayPolicy.finishPostLayoutPolicyLw:17 com.android.server.wm.RootWindowContainer.applySurfaceChangesTransaction$1:195 com.android.server.wm.RootWindowContainer.performSurfacePlacementNoTrace:59 
01-29 23:38:57.179  2385  4254 D SurfaceComposerClient: setCornerRadius ## 229debb com.example.llmserverapp/com.example.llmserverapp.MainActivity#146233 cornerRadius=0.000000
01-29 23:38:57.179 29716 29716 I InsetsController: onStateChanged: host=com.example.llmserverapp/com.example.llmserverapp.MainActivity, from=android.view.ViewRootImpl.onInsetsStateChanged:3026, state=InsetsState: {mDisplayFrame=Rect(0, 0 - 1080, 2340), mDisplayCutout=DisplayCutout{insets=Rect(0, 91 - 0, 0) waterfall=Insets{left=0, top=0, right=0, bottom=0} boundingRect={Bounds=[Rect(0, 0 - 0, 0), Rect(511, 0 - 569, 91), Rect(0, 0 - 0, 0), Rect(0, 0 - 0, 0)]} cutoutPathParserInfo={CutoutPathParserInfo{displayWidth=1080 displayHeight=2340 physicalDisplayWidth=1080 physicalDisplayHeight=2340 density={3.0} cutoutSpec={M 0,0 H -9.666666666666667 V 30.33333333333333 H 9.666666666666667 V 0 H 0 Z @dp} rotation={0} scale={1.0} physicalPixelDisplaySizeRatio={1.0}}} sideOverrides={}}, mRoundedCorners=RoundedCorners{[RoundedCorner{position=TopLeft, radius=102, center=Point(102, 102)}, RoundedCorner{position=TopRight, radius=102, center=Point(978, 102)}, RoundedCorner{position=BottomRight, radius=102, center=Point(978, 2238)}, RoundedCorner{position=BottomLeft, radius=102, center=Point(102, 2238)}]}  mRoundedCornerFrame=Rect(0, 0 - 1080, 2340), mPrivacyIndicatorBounds=PrivacyIndicatorBounds {static bounds=Rect(948, 0 - 1080, 91) rotation=0}, mDisplayShape=DisplayShape{ spec=-311912193 displayWidth=1080 displayHeight=2340 physicalPixelDisplaySizeRatio=1.0 rotation=0 offsetX=0 offsetY=0 scale=1.0}, mSources= { InsetsSource: {e9c80001 mType=navigationBars mFrame=[0,2295][1080,2340] mVisible=false mFlags=SUPPRESS_SCRIM mSideHint=BOTTOM mBoundingRects=null}, InsetsSource: {e9c80004 mType=systemGestures mFrame=[0,0][90,2340] mVisible=true mFlags= mSideHint=LEFT mBoundingRects=null}, InsetsSource: {e9c80005 mType=mandatorySystemGestures mFrame=[0,2244][1080,2340] mVisible=true mFlags= mSideHint=BOTTOM mBoundingRects=null}, InsetsSource: {e9c80006 mType=tappableElement mFrame=[0,0][0,0] mVisible=true mFlags= mSideHint=NONE mBoundingRects=null}, InsetsSource: {e9c80024 mType=systemGestures mFrame=[990,0][1080,2340] mVisible=true mFlags= mSideHint=RIGHT mBoundingRects=null}, InsetsSource: {f98a0000 mType=statusBars mFrame=[0,0][1080,91] mVisible=false mFlags= mSideHint=TOP mBoundingRects=null}, InsetsSource: {f98a0005 mType=mandatorySystemGestures mFrame=[0,0][1080,127] mVisible=true mFlags= mSideHint=TOP mBoundingRects=null}, InsetsSource: {f98a0006 mType=tappableElement mFrame=[0,0][1080,91] mVisible=true mFlags= mSideHint=TOP mBoundingRects=null}, InsetsSource: {3 mType=ime mFrame=[0,0][0,0] mVisible=false mFlags= mSideHint=NONE mBoundingRects=null}, InsetsSource: {27 mType=displayCutout mFrame=[0,0][1080,91] mVisible=true mFlags= mSideHint=TOP mBoundingRects=null} }
01-29 23:38:57.180 29716 29716 I InsetsController: controlAnimationUncheckedInner: Added types=statusBars navigationBars, animType=1, host=com.example.llmserverapp/com.example.llmserverapp.MainActivity, from=android.view.InsetsController.controlAnimationUnchecked:1608 android.view.InsetsController.applyAnimation:2416 android.view.InsetsController.applyAnimation:2343 
01-29 23:38:57.189  2385  4254 D WindowManager: finishDrawingWindow: Window{229debb u0 com.example.llmserverapp/com.example.llmserverapp.MainActivity} mDrawState=HAS_DRAWN seqId=2
01-29 23:38:57.189  2385  4254 D WindowManager: executeDrawHandlers, seqId=2, h.mSeqId=2, hadHandlers=true, win=Window{229debb u0 com.example.llmserverapp/com.example.llmserverapp.MainActivity}
01-29 23:38:57.189  2385  4254 D WindowManager: finishDrawing, postDrawTransaction=syncBuffer_VRI[MainActivity]@2df420d#5_seqId<2>, syncTransaction=null, pendingTransaction=null, w=Window{229debb u0 com.example.llmserverapp/com.example.llmserverapp.MainActivity}
01-29 23:38:57.190  2385  2867 D SurfaceComposerClient: setCornerRadius ## 229debb com.example.llmserverapp/com.example.llmserverapp.MainActivity#146233 cornerRadius=0.000000
01-29 23:38:57.190  2385  2867 D SurfaceComposerClient: setCornerRadius ## 229debb com.example.llmserverapp/com.example.llmserverapp.MainActivity#146233 cornerRadius=0.000000
01-29 23:38:57.193  2385  4254 I WindowManager: Relayout Window{229debb u0 com.example.llmserverapp/com.example.llmserverapp.MainActivity}: viewVisibility=0 req=1080x2249 ty=1 d0
01-29 23:38:57.193  2385  4254 D SurfaceComposerClient: setCornerRadius ## 229debb com.example.llmserverapp/com.example.llmserverapp.MainActivity#146233 cornerRadius=0.000000
01-29 23:38:57.193  2385  4254 D SurfaceComposerClient: setCornerRadius ## 229debb com.example.llmserverapp/com.example.llmserverapp.MainActivity#146233 cornerRadius=0.000000
01-29 23:38:57.195  2385  4254 D WindowManager: finishDrawingWindow: Window{229debb u0 com.example.llmserverapp/com.example.llmserverapp.MainActivity} mDrawState=HAS_DRAWN seqId=2
01-29 23:38:57.195  2385  2867 D SurfaceComposerClient: setCornerRadius ## 229debb com.example.llmserverapp/com.example.llmserverapp.MainActivity#146233 cornerRadius=0.000000
01-29 23:38:57.195  2385  2867 D SurfaceComposerClient: setCornerRadius ## 229debb com.example.llmserverapp/com.example.llmserverapp.MainActivity#146233 cornerRadius=0.000000
01-29 23:38:57.196  2385  3692 I ImeTracker: com.example.llmserverapp:f5cadfb7: onRequestHide at ORIGIN_SERVER reason HIDE_UNSPECIFIED_WINDOW fromUser false
01-29 23:38:57.196 29716 29716 I ImeTracker: com.example.llmserverapp:f5cadfb7: onCancelled at PHASE_CLIENT_ALREADY_HIDDEN
01-29 23:38:57.197  2385  4254 D InsetsSourceProvider: updateControlForTarget: control=InsetsSourceControl: {3 mType=ime mSurfacePosition=Point(0, 91) mInsetsHint=Insets{left=0, top=0, right=0, bottom=1026}}, target=Window{229debb u0 com.example.llmserverapp/com.example.llmserverapp.MainActivity}, from=com.android.server.wm.ImeInsetsSourceProvider.updateControlForTarget:17 com.android.server.wm.InsetsStateController.onControlTargetChanged:83 com.android.server.wm.DisplayContent.updateImeControlTarget:21 com.android.server.wm.DisplayContent.updateImeInputAndControlTarget:156 com.android.server.wm.WindowManagerService$LocalService.updateInputMethodTargetWindow:64 
01-29 23:38:57.197  2385  2867 D SurfaceComposerClient: setCornerRadius ## 229debb com.example.llmserverapp/com.example.llmserverapp.MainActivity#146233 cornerRadius=0.000000
01-29 23:38:57.198  1861  4516 D SurfaceFlinger: [com.example.llmserverapp/com.example.llmserverapp.MainActivity$_29716#146234] setTransactionState with buffer. bufferData(ID: 127629248167944, frameNumber: 2, barrierFrameNumber: 1)
01-29 23:38:57.198 28237 28237 I HBD     : b [AiWriter] setContact : com.example.llmserverapp
01-29 23:38:57.205  1861  1861 I SurfaceFlinger: [LayerHierarchy{RequestedLayerState{ImeContainer#15 parentId=146232 relativeParentId=146233 z=1} 1 children}] reparent to LayerHierarchy{RequestedLayerState{ActivityRecord{100099448 u0 com.example.llmserverapp/.MainActivity t2235}#146232 parentId=146237 z=5} 5 children}
01-29 23:38:57.205  1861  1861 I SurfaceFlinger: [LayerHierarchy{RequestedLayerState{ImeContainer#15 parentId=146232 relativeParentId=146233 z=1} 1 children}] RelativeParent to LayerHierarchy{RequestedLayerState{229debb com.example.llmserverapp/com.example.llmserverapp.MainActivity#146233 parentId=146232} 2 children}
01-29 23:38:57.208  1861  1861 D SurfaceFlinger:        CLIENT |          127629248167936 | 00002102 | RGBA_8888    |  110.0    0.0 1080.0 2340.0 |    0    0 1080 2340 | com.example.llmserverapp/com.example[...]rverapp.SplashActivity$_29716#146227 (72)
01-29 23:38:57.208  1861  1861 D SurfaceFlinger:        CLIENT |          127629248167944 | 00002102 | RGBA_8888    |    0.0    0.0  329.0 2249.0 |  751   91 1080 2340 | com.example.llmserverapp/com.example.llmserverapp.MainActivity$_29716#146234 (2)
01-29 23:38:57.500  1861  1861 D SurfaceFlinger:        CLIENT |          127629248167937 | 00002102 | RGBA_8888    |  355.0    0.0 1080.0 2340.0 |    0    0 1080 2340 | com.example.llmserverapp/com.example[...]rverapp.SplashActivity$_29716#146227 (107)
01-29 23:38:57.500  1861  1861 D SurfaceFlinger:        CLIENT |          127629248167945 | 00002102 | RGBA_8888    |    0.0    0.0 1065.0 2249.0 |   15   91 1080 2340 | com.example.llmserverapp/com.example.llmserverapp.MainActivity$_29716#146234 (3)
01-29 23:38:57.533 29716 29716 I InsetsController: cancelAnimation: types=statusBars navigationBars, animType=1, host=com.example.llmserverapp/com.example.llmserverapp.MainActivity, from=android.view.InsetsController.notifyFinished:2006 android.view.InsetsAnimationThreadControlRunner$1.lambda$notifyFinished$0:82 android.view.InsetsAnimationThreadControlRunner$1.$r8$lambda$cDFF0h4Ncq-8EXdGszv69jrUu7c:0 
01-29 23:38:57.533 29716 29973 W InteractionJankMonitor: Initializing without READ_DEVICE_CONFIG permission. enabled=false, interval=1, missedFrameThreshold=3, frameTimeThreshold=64, package=com.example.llmserverapp
01-29 23:38:57.541  1861  1861 D SurfaceFlinger:        CLIENT |          127629248167936 | 00002102 | RGBA_8888    |  358.0    0.0 1080.0 2340.0 |    0    0 1080 2340 | com.example.llmserverapp/com.example[...]rverapp.SplashActivity$_29716#146227 (112)
01-29 23:38:57.541  1861  1861 D SurfaceFlinger:        CLIENT |          127629248167945 | 00002102 | RGBA_8888    |    0.0    0.0 1074.0 2249.0 |    6   91 1080 2340 | com.example.llmserverapp/com.example.llmserverapp.MainActivity$_29716#146234 (3)
01-29 23:38:57.607  2385  4254 V WindowManager:    ChangeInfo{90b05b7 container=ActivityRecord{100099448 u0 com.example.llmserverapp/.MainActivity t2235} flags=0x0}
01-29 23:38:57.607  2385  4254 V WindowManager:    ChangeInfo{7f96124 container=Task{6a6d625 #2235 type=standard A=10528:com.example.llmserverapp} flags=0x0}
01-29 23:38:57.607  2385  4254 V WindowManager:    ChangeInfo{68becab container=ActivityRecord{161159708 u0 com.example.llmserverapp/.SplashActivity t2235 f}} flags=0x0}
01-29 23:38:57.608  1861  1861 D SurfaceFlinger:        DEVICE |          127629248167945 | 00002102 | RGBA_8888    |    0.0    0.0 1080.0 2249.0 |    0   91 1080 2340 | com.example.llmserverapp/com.example.llmserverapp.MainActivity$_29716#146234 (3)
01-29 23:38:57.608  2385  4254 V WindowManager: Setting visibility of Window{7798d2a u0 com.example.llmserverapp/com.example.llmserverapp.SplashActivity}: false, caller=com.android.server.wm.WindowContainer.sendAppVisibilityToClients:19 com.android.server.wm.WindowToken.setClientVisible:48 com.android.server.wm.ActivityRecord.commitVisibility:186 com.android.server.wm.TransitionController.finishTransition:846 com.android.server.wm.WindowOrganizerController.finishTransitionInner:31 
01-29 23:38:57.609  2385  4254 D PersonaActivityHelper: token.toString()  Token{e10f451 ActivityRecord{100099448 u0 com.example.llmserverapp/.MainActivity t2235}}
01-29 23:38:57.609  2385  4254 D PersonaActivityHelper: token.toString()  Token{8862dab ActivityRecord{161159708 u0 com.example.llmserverapp/.SplashActivity t2235 f}}}
01-29 23:38:57.609  2385  4254 D ChangeTransitionController:    ChangeInfo{90b05b7 container=ActivityRecord{100099448 u0 com.example.llmserverapp/.MainActivity t2235} flags=0x0}
01-29 23:38:57.609  2385  4254 D ChangeTransitionController:    ChangeInfo{7f96124 container=Task{6a6d625 #2235 type=standard A=10528:com.example.llmserverapp} flags=0x0}
01-29 23:38:57.609  2385  4254 D ChangeTransitionController:    ChangeInfo{68becab container=ActivityRecord{161159708 u0 com.example.llmserverapp/.SplashActivity t2235 f}} flags=0x0}
01-29 23:38:57.614  1861  1861 I SurfaceFlinger: [LayerHierarchy{RequestedLayerState{ActivityRecord{161159708 u0 com.example.llmserverapp/.SplashActivity t2235}#146216 parentId=146215} 2 children}] reparent to LayerHierarchy{RequestedLayerState{Task=2235#146215 parentId=10 z=34} 2 children}
01-29 23:38:57.614  1861  1861 I SurfaceFlinger: [LayerHierarchy{RequestedLayerState{DimTransitionLayer for Surface(name=ActivityRecord{100099448 u0 com.example.llmserverapp/.MainActivity t2235})/@0x83cbec8#146239 z=-1} no children}] reparent to OffscreenRoot
01-29 23:38:57.614  1861  1861 I SurfaceFlinger: [LayerHierarchy{RequestedLayerState{DimTransitionLayer for Surface(name=ActivityRecord{100099448 u0 com.example.llmserverapp/.MainActivity t2235})/@0x83cbec8#146239 z=-1} no children}] RelativeParent to null
01-29 23:38:57.614  1861  1861 I SurfaceFlinger: [LayerHierarchy{RequestedLayerState{ActivityRecord{100099448 u0 com.example.llmserverapp/.MainActivity t2235}#146232 parentId=146215 z=1} 4 children}] reparent to LayerHierarchy{RequestedLayerState{Task=2235#146215 parentId=10 z=34} 3 children}
01-29 23:38:57.614  1861  1861 I SurfaceFlinger: [LayerHierarchy{RequestedLayerState{Transition Root: ActivityRecord{100099448 u0 com.example.llmserverapp/.MainActivity t2235}#146237 z=1} no children}] reparent to OffscreenRoot
01-29 23:38:57.614  1861  1861 I SurfaceFlinger: [LayerHierarchy{RequestedLayerState{Transition Root: ActivityRecord{100099448 u0 com.example.llmserverapp/.MainActivity t2235}#146237 z=1} no children}] RelativeParent to null
01-29 23:38:57.615  1861  1861 I SurfaceFlinger: id=146239 Removed DimTransitionLayer for Surface(name=ActivityRecord{100099448 u0 com.example.llmserverapp/.MainActivity t2235})/@0x83cbec8#146239 (285)
01-29 23:38:57.615  1861  1861 I SurfaceFlinger: id=146237 Removed Transition Root: ActivityRecord{100099448 u0 com.example.llmserverapp/.MainActivity t2235}#146237 (285)
01-29 23:38:57.617  1861  1861 D SurfaceFlinger:        DEVICE |          127629248167945 | 00002102 | RGBA_8888    |    0.0    0.0 1080.0 2249.0 |    0   91 1080 2340 | com.example.llmserverapp/com.example.llmserverapp.MainActivity$_29716#146234 (3)
01-29 23:38:57.617  2385  4386 I WindowManager: Relayout Window{7798d2a u0 com.example.llmserverapp/com.example.llmserverapp.SplashActivity}: viewVisibility=8 req=1080x2340 ty=1 d0
01-29 23:38:57.618  2385  4386 D SurfaceComposerClient: setCornerRadius ## 229debb com.example.llmserverapp/com.example.llmserverapp.MainActivity#146233 cornerRadius=0.000000
01-29 23:38:57.618  2385  4386 D WindowManager: updateSystemBarAttributes: displayId=0, focusedCanBeNavColorWin=false, win=Window{229debb u0 com.example.llmserverapp/com.example.llmserverapp.MainActivity}, navColorWin=Window{229debb u0 com.example.llmserverapp/com.example.llmserverapp.MainActivity}, caller=com.android.server.wm.DisplayPolicy.finishPostLayoutPolicyLw:17 com.android.server.wm.RootWindowContainer.applySurfaceChangesTransaction$1:195 com.android.server.wm.RootWindowContainer.performSurfacePlacementNoTrace:59 
01-29 23:38:57.618  2385  4386 D SurfaceComposerClient: setCornerRadius ## 229debb com.example.llmserverapp/com.example.llmserverapp.MainActivity#146233 cornerRadius=0.000000
01-29 23:38:57.619  2385  2867 D SurfaceComposerClient: setCornerRadius ## 229debb com.example.llmserverapp/com.example.llmserverapp.MainActivity#146233 cornerRadius=0.000000
01-29 23:38:57.621 29716 29716 D VRI[SplashActivity]@62c264e: WindowStopped on com.example.llmserverapp/com.example.llmserverapp.SplashActivity set to true
01-29 23:38:57.622  1861  1861 I SurfaceFlinger: RequestedLayer [com.example.llmserverapp/com.example[...]rverapp.SplashActivity$_29716#146227] hidden!! flag  from(0) --> to(1)
01-29 23:38:57.622  1861  1861 I SurfaceFlinger: destroyed DimTransitionLayer for Surface(name=ActivityRecord{100099448 u0 com.example.llmserverapp/.MainActivity t2235})/@0x83cbec8#146239 form LifecycleManager
01-29 23:38:57.622  1861  1861 I SurfaceFlinger: destroyed Transition Root: ActivityRecord{100099448 u0 com.example.llmserverapp/.MainActivity t2235}#146237 form LifecycleManager
01-29 23:38:57.622  1861  1861 I SurfaceFlinger: id=146239 onLayerDestroyed from LayerHierarchyBuilder(RequestedLayerState{DimTransitionLayer for Surface(name=ActivityRecord{100099448 u0 com.example.llmserverapp/.MainActivity t2235})/@0x83cbec8#146239 !handle z=-1})
01-29 23:38:57.622  1861  1861 I SurfaceFlinger: id=146237 onLayerDestroyed from LayerHierarchyBuilder(RequestedLayerState{Transition Root: ActivityRecord{100099448 u0 com.example.llmserverapp/.MainActivity t2235}#146237 !handle z=1})
01-29 23:38:57.622  1861  1861 I Layer   : id=146239 Destroyed DimTransitionLayer for Surface(name=ActivityRecord{100099448 u0 com.example.llmserverapp/.MainActivity t2235})/@0x83cbec8#146239
01-29 23:38:57.622  1861  1861 I Layer   : id=146237 Destroyed Transition Root: ActivityRecord{100099448 u0 com.example.llmserverapp/.MainActivity t2235}#146237
01-29 23:38:57.624  2385  4254 D CoreBackPreview: Window{7798d2a u0 com.example.llmserverapp/com.example.llmserverapp.SplashActivity}: Setting back callback null
01-29 23:38:57.625  2385  4386 V WindowManager: Remove Window{7798d2a u0 com.example.llmserverapp/com.example.llmserverapp.SplashActivity}: mSurfaceControl=Surface(name=com.example.llmserverapp/com.example.llmserverapp.SplashActivity$_29716)/@0xb33064d mAnimatingExit=false mRemoveOnExit=false mHasSurface=true surfaceShowing=false animating=false app-animation=false callers=com.android.server.wm.Session.remove:16 android.view.IWindowSession$Stub.onTransact:804 com.android.server.wm.Session.onTransact:1 android.os.Binder.execTransactInternal:1457 android.os.Binder.execTransact:1401 <bottom of call stack> 
01-29 23:38:57.625  2385  4386 D SurfaceComposerClient: setCornerRadius ## 229debb com.example.llmserverapp/com.example.llmserverapp.MainActivity#146233 cornerRadius=0.000000
01-29 23:38:57.625  2385  4386 D SurfaceComposerClient: setCornerRadius ## 229debb com.example.llmserverapp/com.example.llmserverapp.MainActivity#146233 cornerRadius=0.000000
01-29 23:38:57.626  2385  2866 D SGM:FgCheckThread: getForegroundApp(), foregroundPkgName=com.example.llmserverapp
01-29 23:38:57.626  1861  4513 I SurfaceFlinger: id=146222 Removed aad06ee ActivityRecordInputSink com.example.llmserverapp/.SplashActivity#146222 (283)
01-29 23:38:57.626  2385  2866 D SGM:FgCheckThread: pkgName: com.example.llmserverapp is in foreground
01-29 23:38:57.639  1861  1861 I SurfaceFlinger: [LayerHierarchy{RequestedLayerState{com.example.llmserverapp/com.example.llmserverapp.SplashActivity$_29716#146227} no children}] reparent to OffscreenRoot
01-29 23:38:57.639  1861  1861 I SurfaceFlinger: [LayerHierarchy{RequestedLayerState{com.example.llmserverapp/com.example.llmserverapp.SplashActivity$_29716#146227} no children}] RelativeParent to null
01-29 23:38:57.639  1861  1861 I SurfaceFlinger: [LayerHierarchy{RequestedLayerState{7798d2a com.example.llmserverapp/com.example.llmserverapp.SplashActivity#146226} no children}] reparent to OffscreenRoot
01-29 23:38:57.639  1861  1861 I SurfaceFlinger: [LayerHierarchy{RequestedLayerState{7798d2a com.example.llmserverapp/com.example.llmserverapp.SplashActivity#146226} no children}] RelativeParent to null
01-29 23:38:57.639  1861  1861 I SurfaceFlinger: [LayerHierarchy{RequestedLayerState{ActivityRecord{161159708 u0 com.example.llmserverapp/.SplashActivity t2235}#146216} 1 children}] reparent to OffscreenRoot
01-29 23:38:57.639  1861  1861 I SurfaceFlinger: [LayerHierarchy{RequestedLayerState{ActivityRecord{161159708 u0 com.example.llmserverapp/.SplashActivity t2235}#146216} 1 children}] RelativeParent to null
01-29 23:38:57.639  1861  1861 I SurfaceFlinger: id=146226 Removed 7798d2a com.example.llmserverapp/com.example.llmserverapp.SplashActivity#146226 (283)
01-29 23:38:57.639  1861  1861 I SurfaceFlinger: id=146227 Removed com.example.llmserverapp/com.example.llmserverapp.SplashActivity$_29716#146227 (283)
01-29 23:38:57.647  1861  1861 I SurfaceFlinger: destroyed com.example.llmserverapp/com.example.llmserverapp.SplashActivity$_29716#146227 form LifecycleManager
01-29 23:38:57.647  1861  1861 I SurfaceFlinger: destroyed 7798d2a com.example.llmserverapp/com.example.llmserverapp.SplashActivity#146226 form LifecycleManager
01-29 23:38:57.647  1861  1861 I SurfaceFlinger: id=146227 onLayerDestroyed from LayerHierarchyBuilder(RequestedLayerState{com.example.llmserverapp/com.example.llmserverapp.SplashActivity$_29716#146227 !handle})
01-29 23:38:57.647  1861  1861 I SurfaceFlinger: id=146226 onLayerDestroyed from LayerHierarchyBuilder(RequestedLayerState{7798d2a com.example.llmserverapp/com.example.llmserverapp.SplashActivity#146226 !handle})
01-29 23:38:57.647  1861  1861 I Layer   : id=146227 Destroyed com.example.llmserverapp/com.example.llmserverapp.SplashActivity$_29716#146227
01-29 23:38:57.648  1861  1861 I Layer   : id=146226 Destroyed 7798d2a com.example.llmserverapp/com.example.llmserverapp.SplashActivity#146226
01-29 23:38:57.697  2385  2866 D SGM:GameManager: identifyForegroundApp. com.example.llmserverapp, mCurrentUserId: 0, callerUserId: 0
01-29 23:38:58.064  1861  1861 I SurfaceFlinger: [com.example.llmserverapp/com.example.llmserverapp.MainActivity$_29716#146234] setFrameRateCategory: HighHint
01-29 23:38:58.164  1861  1861 I SurfaceFlinger: [4a7b205 Pop-Up Window#146242] attach to parent LayerHierarchy{RequestedLayerState{229debb com.example.llmserverapp/com.example.llmserverapp.MainActivity#146233 parentId=146232} 3 children}
01-29 23:38:58.164  2385  3814 D WindowManager: Changing focus from Window{229debb u0 com.example.llmserverapp/com.example.llmserverapp.MainActivity} to Window{4a7b205 u0 Pop-Up Window} displayId=0 Callers=com.android.server.wm.WindowManagerService.addWindowInner:565 com.android.server.wm.WindowManagerService.addWindow:1842 com.android.server.wm.Session.addToDisplayAsUser:24 android.view.IWindowSession$Stub.onTransact:757 
01-29 23:38:58.164  2385  3814 D WindowManager: updateSystemBarAttributes: displayId=0, focusedCanBeNavColorWin=false, win=Window{4a7b205 u0 Pop-Up Window}, navColorWin=Window{229debb u0 com.example.llmserverapp/com.example.llmserverapp.MainActivity}, caller=com.android.server.wm.WindowManagerService.updateFocusedWindowLocked:372 com.android.server.wm.WindowManagerService.addWindowInner:565 com.android.server.wm.WindowManagerService.addWindow:1842 
01-29 23:38:58.173  2385  7407 D SurfaceComposerClient: setCornerRadius ## 229debb com.example.llmserverapp/com.example.llmserverapp.MainActivity#146233 cornerRadius=0.000000
01-29 23:38:58.173  2385  7407 D SurfaceComposerClient: setCornerRadius ## 229debb com.example.llmserverapp/com.example.llmserverapp.MainActivity#146233 cornerRadius=0.000000
01-29 23:38:58.174  2385  7407 D SurfaceComposerClient: setCornerRadius ## 229debb com.example.llmserverapp/com.example.llmserverapp.MainActivity#146233 cornerRadius=0.000000
01-29 23:38:58.174  2385  7407 D SurfaceComposerClient: setCornerRadius ## 229debb com.example.llmserverapp/com.example.llmserverapp.MainActivity#146233 cornerRadius=0.000000
01-29 23:38:58.175  2385  2867 D SurfaceComposerClient: setCornerRadius ## 229debb com.example.llmserverapp/com.example.llmserverapp.MainActivity#146233 cornerRadius=0.000000
01-29 23:38:58.176  2385  2867 D SurfaceComposerClient: setCornerRadius ## 229debb com.example.llmserverapp/com.example.llmserverapp.MainActivity#146233 cornerRadius=0.000000
01-29 23:38:58.177  2385  7407 D SurfaceComposerClient: setCornerRadius ## 229debb com.example.llmserverapp/com.example.llmserverapp.MainActivity#146233 cornerRadius=0.000000
01-29 23:38:58.177  2385  7407 D SurfaceComposerClient: setCornerRadius ## 229debb com.example.llmserverapp/com.example.llmserverapp.MainActivity#146233 cornerRadius=0.000000
01-29 23:38:58.183  2385  2867 D SurfaceComposerClient: setCornerRadius ## 229debb com.example.llmserverapp/com.example.llmserverapp.MainActivity#146233 cornerRadius=0.000000
01-29 23:38:58.183  2385  2867 D SurfaceComposerClient: setCornerRadius ## 229debb com.example.llmserverapp/com.example.llmserverapp.MainActivity#146233 cornerRadius=0.000000
01-29 23:38:58.184  2385  2867 D SurfaceComposerClient: setCornerRadius ## 229debb com.example.llmserverapp/com.example.llmserverapp.MainActivity#146233 cornerRadius=0.000000
01-29 23:38:58.184  2385  2867 D SurfaceComposerClient: setCornerRadius ## 229debb com.example.llmserverapp/com.example.llmserverapp.MainActivity#146233 cornerRadius=0.000000
01-29 23:38:58.190 28237 28237 I HBD     : b [AiWriter] setContact : com.example.llmserverapp
01-29 23:38:58.191  1861  1861 D SurfaceFlinger:        DEVICE |          127629248167944 | 00002102 | RGBA_8888    |    0.0    0.0 1080.0 2249.0 |    0   91 1080 2340 | com.example.llmserverapp/com.example.llmserverapp.MainActivity$_29716#146234 (4)
01-29 23:38:58.191  2385  7381 D InputDispatcher: Focus left window (0): 229debb com.example.llmserverapp/com.example.llmserverapp.MainActivity
01-29 23:38:58.197  2385  2867 D SurfaceComposerClient: setCornerRadius ## 229debb com.example.llmserverapp/com.example.llmserverapp.MainActivity#146233 cornerRadius=0.000000
01-29 23:38:58.198  2385  2867 D SurfaceComposerClient: setCornerRadius ## 229debb com.example.llmserverapp/com.example.llmserverapp.MainActivity#146233 cornerRadius=0.000000
01-29 23:38:58.200  1861  1861 D SurfaceFlinger:        DEVICE |          127629248167944 | 00002102 | RGBA_8888    |    0.0    0.0 1080.0 2249.0 |    0   91 1080 2340 | com.example.llmserverapp/com.example.llmserverapp.MainActivity$_29716#146234 (4)
01-29 23:38:58.211  2385  7407 D SurfaceComposerClient: setCornerRadius ## 229debb com.example.llmserverapp/com.example.llmserverapp.MainActivity#146233 cornerRadius=0.000000
01-29 23:38:58.211  2385  7407 D SurfaceComposerClient: setCornerRadius ## 229debb com.example.llmserverapp/com.example.llmserverapp.MainActivity#146233 cornerRadius=0.000000
01-29 23:38:58.226  2385  7407 D SurfaceComposerClient: setCornerRadius ## 229debb com.example.llmserverapp/com.example.llmserverapp.MainActivity#146233 cornerRadius=0.000000
01-29 23:38:58.226  2385  7407 D SurfaceComposerClient: setCornerRadius ## 229debb com.example.llmserverapp/com.example.llmserverapp.MainActivity#146233 cornerRadius=0.000000
01-29 23:38:58.234  2385  7407 D SurfaceComposerClient: setCornerRadius ## 229debb com.example.llmserverapp/com.example.llmserverapp.MainActivity#146233 cornerRadius=0.000000
01-29 23:38:58.234  2385  7407 D SurfaceComposerClient: setCornerRadius ## 229debb com.example.llmserverapp/com.example.llmserverapp.MainActivity#146233 cornerRadius=0.000000
01-29 23:38:58.243  2385  7407 D SurfaceComposerClient: setCornerRadius ## 229debb com.example.llmserverapp/com.example.llmserverapp.MainActivity#146233 cornerRadius=0.000000
01-29 23:38:58.243  2385  7407 D SurfaceComposerClient: setCornerRadius ## 229debb com.example.llmserverapp/com.example.llmserverapp.MainActivity#146233 cornerRadius=0.000000
01-29 23:38:58.259  2385  7407 D SurfaceComposerClient: setCornerRadius ## 229debb com.example.llmserverapp/com.example.llmserverapp.MainActivity#146233 cornerRadius=0.000000
01-29 23:38:58.260  2385  7407 D SurfaceComposerClient: setCornerRadius ## 229debb com.example.llmserverapp/com.example.llmserverapp.MainActivity#146233 cornerRadius=0.000000
01-29 23:38:58.267  2385  7407 D SurfaceComposerClient: setCornerRadius ## 229debb com.example.llmserverapp/com.example.llmserverapp.MainActivity#146233 cornerRadius=0.000000
01-29 23:38:58.268  2385  7407 D SurfaceComposerClient: setCornerRadius ## 229debb com.example.llmserverapp/com.example.llmserverapp.MainActivity#146233 cornerRadius=0.000000
01-29 23:38:58.276  2385  7407 D SurfaceComposerClient: setCornerRadius ## 229debb com.example.llmserverapp/com.example.llmserverapp.MainActivity#146233 cornerRadius=0.000000
01-29 23:38:58.276  2385  7407 D SurfaceComposerClient: setCornerRadius ## 229debb com.example.llmserverapp/com.example.llmserverapp.MainActivity#146233 cornerRadius=0.000000
01-29 23:38:58.293  2385  7407 D SurfaceComposerClient: setCornerRadius ## 229debb com.example.llmserverapp/com.example.llmserverapp.MainActivity#146233 cornerRadius=0.000000
01-29 23:38:58.293  2385  7407 D SurfaceComposerClient: setCornerRadius ## 229debb com.example.llmserverapp/com.example.llmserverapp.MainActivity#146233 cornerRadius=0.000000
01-29 23:38:58.301  2385  7407 D SurfaceComposerClient: setCornerRadius ## 229debb com.example.llmserverapp/com.example.llmserverapp.MainActivity#146233 cornerRadius=0.000000
01-29 23:38:58.301  2385  7407 D SurfaceComposerClient: setCornerRadius ## 229debb com.example.llmserverapp/com.example.llmserverapp.MainActivity#146233 cornerRadius=0.000000
01-29 23:38:58.317  2385  7407 D SurfaceComposerClient: setCornerRadius ## 229debb com.example.llmserverapp/com.example.llmserverapp.MainActivity#146233 cornerRadius=0.000000
01-29 23:38:58.317  2385  7407 D SurfaceComposerClient: setCornerRadius ## 229debb com.example.llmserverapp/com.example.llmserverapp.MainActivity#146233 cornerRadius=0.000000
01-29 23:38:58.685  2385  2866 D SGM:GameManager: identifyForegroundApp. com.example.llmserverapp, mCurrentUserId: 0, callerUserId: 0
01-29 23:38:58.889  2385  7407 D SurfaceComposerClient: setCornerRadius ## 229debb com.example.llmserverapp/com.example.llmserverapp.MainActivity#146233 cornerRadius=0.000000
01-29 23:38:58.890  2385  7407 D SurfaceComposerClient: setCornerRadius ## 229debb com.example.llmserverapp/com.example.llmserverapp.MainActivity#146233 cornerRadius=0.000000
01-29 23:38:58.966  2385  7381 D SurfaceComposerClient: setCornerRadius ## 229debb com.example.llmserverapp/com.example.llmserverapp.MainActivity#146233 cornerRadius=0.000000
01-29 23:38:58.966  2385  7381 D SurfaceComposerClient: setCornerRadius ## 229debb com.example.llmserverapp/com.example.llmserverapp.MainActivity#146233 cornerRadius=0.000000
01-29 23:38:58.967  2385  7381 D WindowManager: Changing focus from Window{4a7b205 u0 Pop-Up Window} to Window{229debb u0 com.example.llmserverapp/com.example.llmserverapp.MainActivity} displayId=0 Callers=com.android.server.wm.WindowState.removeIfPossible:647 com.android.server.wm.Session.remove:16 android.view.IWindowSession$Stub.onTransact:804 com.android.server.wm.Session.onTransact:1 
01-29 23:38:58.967  2385  7381 D WindowManager: updateSystemBarAttributes: displayId=0, focusedCanBeNavColorWin=false, win=Window{229debb u0 com.example.llmserverapp/com.example.llmserverapp.MainActivity}, navColorWin=Window{229debb u0 com.example.llmserverapp/com.example.llmserverapp.MainActivity}, caller=com.android.server.wm.WindowManagerService.updateFocusedWindowLocked:372 com.android.server.wm.WindowState.removeIfPossible:647 com.android.server.wm.Session.remove:16 
01-29 23:38:58.967  2385  7381 V SystemKeyManager: updateFocusedWindow() is called, com.example.llmserverapp/com.example.llmserverapp.MainActivity
01-29 23:38:58.967  2385  7381 I SystemKeyManager: requested systemKeyInfo size=1 focusedWindow=com.example.llmserverapp/com.example.llmserverapp.MainActivity
01-29 23:38:58.967  4035  4363 D CollapsedStatusBarFragmentExt: fullscreen    shouldHideIconsForNextAppWindow:false, lastFullscreen(pkg:com.example.llmserverapp, flag:false),    keyguard(fa:false, ga:false, oc:false, show:false)
01-29 23:38:58.973  2385  7381 D SurfaceComposerClient: setCornerRadius ## 229debb com.example.llmserverapp/com.example.llmserverapp.MainActivity#146233 cornerRadius=0.000000
01-29 23:38:58.973  2385  7381 D SurfaceComposerClient: setCornerRadius ## 229debb com.example.llmserverapp/com.example.llmserverapp.MainActivity#146233 cornerRadius=0.000000
01-29 23:38:58.974  2385  7381 D SurfaceComposerClient: setCornerRadius ## 229debb com.example.llmserverapp/com.example.llmserverapp.MainActivity#146233 cornerRadius=0.000000
01-29 23:38:58.974  2385  7381 D SurfaceComposerClient: setCornerRadius ## 229debb com.example.llmserverapp/com.example.llmserverapp.MainActivity#146233 cornerRadius=0.000000
01-29 23:38:58.983  1861  1861 D SurfaceFlinger:        DEVICE |          127629248167945 | 00002102 | RGBA_8888    |    0.0    0.0 1080.0 2249.0 |    0   91 1080 2340 | com.example.llmserverapp/com.example.llmserverapp.MainActivity$_29716#146234 (27)
01-29 23:38:58.983  1861  2340 D SurfaceFlinger: [input] setFocusedWindow: 229debb com.example.llmserverapp/com.example.llmserverapp.MainActivity
01-29 23:38:58.983  2385  4252 D InputDispatcher: Once focus requested (0): 229debb com.example.llmserverapp/com.example.llmserverapp.MainActivity
01-29 23:38:58.983  2385  4252 D InputDispatcher: Focus entered window (0): 229debb com.example.llmserverapp/com.example.llmserverapp.MainActivity
01-29 23:38:58.985  2385  3692 I ImeTracker: com.example.llmserverapp:7e27ebdd: onRequestHide at ORIGIN_SERVER reason HIDE_SAME_WINDOW_FOCUSED_WITHOUT_EDITOR fromUser false
01-29 23:38:58.985 29716 29716 I ImeTracker: com.example.llmserverapp:7e27ebdd: onCancelled at PHASE_CLIENT_ALREADY_HIDDEN
01-29 23:38:58.988 28237 28237 I HBD     : b [AiWriter] setContact : com.example.llmserverapp
01-29 23:38:59.487  2385  2866 D SGM:GameManager: identifyForegroundApp. com.example.llmserverapp, mCurrentUserId: 0, callerUserId: 0
01-29 23:39:00.314 29716 29716 D nativeloader: Load /data/app/~~qEsoxsOEKimc-txm7LbZxw==/com.example.llmserverapp-QjBlkY3LFDXn9I3J-UGt5A==/base.apk!/lib/arm64-v8a/libggml.so using class loader ns clns-9 (caller=/data/app/~~qEsoxsOEKimc-txm7LbZxw==/com.example.llmserverapp-QjBlkY3LFDXn9I3J-UGt5A==/base.apk!classes3.dex): ok
01-29 23:39:00.321 29716 29716 D nativeloader: Load /data/app/~~qEsoxsOEKimc-txm7LbZxw==/com.example.llmserverapp-QjBlkY3LFDXn9I3J-UGt5A==/base.apk!/lib/arm64-v8a/libllama.so using class loader ns clns-9 (caller=/data/app/~~qEsoxsOEKimc-txm7LbZxw==/com.example.llmserverapp-QjBlkY3LFDXn9I3J-UGt5A==/base.apk!classes3.dex): ok
01-29 23:39:00.324 29716 29716 D nativeloader: Load /data/app/~~qEsoxsOEKimc-txm7LbZxw==/com.example.llmserverapp-QjBlkY3LFDXn9I3J-UGt5A==/base.apk!/lib/arm64-v8a/libnative-lib.so using class loader ns clns-9 (caller=/data/app/~~qEsoxsOEKimc-txm7LbZxw==/com.example.llmserverapp-QjBlkY3LFDXn9I3J-UGt5A==/base.apk!classes3.dex): ok
01-29 23:39:02.143 30057 30057 F DEBUG   : Cmdline: com.example.llmserverapp
01-29 23:39:02.143 30057 30057 F DEBUG   : pid: 29716, tid: 29839, name: DefaultDispatch  >>> com.example.llmserverapp <<<
01-29 23:39:02.144 30057 30057 F DEBUG   :       #00 pc 000000000007863c  /data/app/~~qEsoxsOEKimc-txm7LbZxw==/com.example.llmserverapp-QjBlkY3LFDXn9I3J-UGt5A==/base.apk!libnative-lib.so (offset 0x4430000) (Java_com_example_llmserverapp_LlamaBridge_generateWithStats+952) (BuildId: fb85f392464c0ffd672cb7418bafaca50e8bec01)
01-29 23:39:02.144 30057 30057 F DEBUG   :       #06 pc 0000000000004ec4  <anonymous:7bde900000> (com.example.llmserverapp.LlamaBridge.benchmarkModel+0)
01-29 23:39:02.144 30057 30057 F DEBUG   :       #11 pc 0000000000009fc0  <anonymous:7bde900000> (com.example.llmserverapp.ServerController$runBenchmark$1.invokeSuspend+0)
01-29 23:39:02.158  2385 30067 W ActivityManager: crash : com.example.llmserverapp,10528
01-29 23:39:02.159  2385 30063 W ActivityTaskManager:   Force finishing activity com.example.llmserverapp/.MainActivity
01-29 23:39:02.159  2385 30063 V WindowManager: Collecting in transition 10973: Task{6a6d625 #2235 type=standard A=10528:com.example.llmserverapp}, caller=com.android.server.wm.Transition.collectExistenceChange:40 com.android.server.wm.Transition.collectClose:7 com.android.server.wm.ActivityRecord.finishIfPossible:50 com.android.server.wm.ActivityRecord.finishIfPossible:1 com.android.server.wm.RootWindowContainer$$ExternalSyntheticLambda34.accept:179 
01-29 23:39:02.159  2385 30063 D WindowManager: prepareSync <SYNC_STATE_WAITING_FOR_DRAW>, mPrepareSyncSeqId=0, win=Window{229debb u0 com.example.llmserverapp/com.example.llmserverapp.MainActivity}
01-29 23:39:02.160  2385 30063 D ActivityTaskManager: scheduleTopResumedActivityChanged, onTop=false, r=ActivityRecord{100099448 u0 com.example.llmserverapp/.MainActivity t2235 f}}, caller=com.android.server.wm.ActivityTaskSupervisor.scheduleTopResumedActivityStateLossIfNeeded:19 com.android.server.wm.ActivityTaskSupervisor.updateTopResumedActivityIfNeeded:20 com.android.server.wm.TaskDisplayArea.positionChildAt:252 com.android.server.wm.WindowContainer.positionChildAt:84 com.android.server.wm.Task.positionChildAt:19 com.android.server.wm.Task.moveToFront:40 
01-29 23:39:02.160  2385 30063 V WindowManager: Collecting in transition 10973: ActivityRecord{100099448 u0 com.example.llmserverapp/.MainActivity t2235 f}}, caller=com.android.server.wm.TransitionController.collect:7 com.android.server.wm.ActivityRecord.setVisibility:132 com.android.server.wm.ActivityRecord.finishIfPossible:87 com.android.server.wm.ActivityRecord.finishIfPossible:1 com.android.server.wm.RootWindowContainer$$ExternalSyntheticLambda34.accept:179 
